# OPENGBP-LOG v1
test_id=GBP-AUDIO-007
build_id=live-0001
commit=9341ca7
libogc=libogc2 r2442.094b250 gecko=1 power_cycle_required=1 sidecar=l2 time_target=disabled safety_s=120 session_end=window_or_Z hold_ms=250 stop=session_end status=ok_session_ended witness=none
lines=703 dropped=0 truncated=0
# --- records ---
000000 IDENT test=GBP-AUDIO-007 app=gbp-audio-live build=live-0001 commit=9341ca7 libogc=libogc2 r2442.094b250
000001 ENV bus_hz=162000000 tb_hz=40500000 dma_timeout_ms=200 t_max_ms=2000 t_delivery_ms=100 t_next_cause_ms=100 csr=0804
000002 ENVPLAY time_target=disabled safety_s=120 max_deliveries=6000000 session_end=Z hold_ms=250 hold_ticks=10125000 precedence=fatal,safety,stores,session_end,no_next_cause,delivery witness=none
000003 ENVSTREAM time_target=disabled safety_s=120 slice_tile_rows=1 tex_buffers=2 tex_bytes=76800 ring_slots=4
000004 ENVINPUT port=1 policy=default stick_threshold=48 trigger_threshold=0 analog_ab_threshold=0 filter_opposites=1 refresh_ms=5 refresh_ticks=202500 layout=gbi-u16-replicated
000005 ENVINPUT2 index=12 desc=0,1,2,3,4,5,6,7,9,8 pressed_is_one=1 desc_status=FACT_hw_run_scoped selftest=1
000006 ENVSTORE frames=45056/16384 events=16384/4096 raw_ring=737280/552960 slots=4/3 episode_raw=2949120/2949120 audio_raw=12288/12288 configured_bytes=13398016 required_bytes=6922240 fault=- ok=1
000007 ENVBUF frames=005e4400 events=004e4400 raw_ring=00430400 episode_raw=00160400 audio_raw=0015d400 texA=00129ae0 texB=0013c6e0 fifo=000e9980 log_lines=8192
000008 ENVMEM bss_end=81053c78 arena1_lo=81216000 arena1_hi=81700000 arena1_free=5152768 frames_bytes=8650752 events_bytes=1048576 log_bytes=2097152 witness=0 xfb=3x614400
000009 LIVECFG accept_s=5 control_bound_s=10 control_blocks=2048 control_min_periods=48 period=32 calib_from_s=2 calib_blocks=4096 window_s=64 safety_s=120
000010 LIVECFG2 ring=4096 target=2048 band=16 chunk_frames=1000 chunk_bytes=4000 pool=16 ahead=4 l2_from_s=20 l2_chunks=320 keep_cap=41280 events_cap=1024 ai_hz=32000
000011 VSTATE start test=GBP-VIDEO-002 target_s=0 limit_s=120 limit_ticks=121adb700 max_deliveries=6000000 verify=4 t_delivery_ms=100 t_next_cause_ms=100
000012 VSTATE stores frames=16384 x 192 event=4096 x 64 episodes=4 x 4 raw_ring=4 x 184320 audio_raw=3 n_stable=3 ep_max_frames=60 required_bytes=6922240
000013 VSTATE storecfg frames=45056/16384 events=16384/4096 raw_ring=737280/552960 slots=4/3 episode_raw=2949120/2949120 audio_raw=12288/12288 configured_bytes=13398016 required_bytes=6922240 fault=-
000014 VSTATE policy handler=003b_ext_installed_once record=reset_under_mask order=read_audio_video_ack_piclean_sign_rearm_waitnext checksum=between_ack_and_rearm oracle=offline_only early_positive_stop=none
000015 VSTATE caps frame_store=stops event_store=stops episode_raw_store=does_not_stop safety_epoch=t_control_transform precedence=fatal,safety,stores,target,no_next_cause,delivery
000016 INITIRQA start exp_code=3 clear=10 set=0c idle_shape=1 req_masks=0aaa req_set=8000 req_clear=7000 ack_or=8000 stop_or=8aaa tb_hz=40500000
000017 INITIRQA window a1_obs_ticks=2025,20250 a2_obs_ticks=2025,20250,202500,2025000,20250000,81000000 n_a1=2 n_a2=6 t_max_ms=2000 poll=1 end_on_event=1
000018 ARINFO orig value=0043 size_code=3 exp_code=0 base=01000000
000019 ARINFO exp value=005b exp_code=3
000020 TESTW tag=DET idx=0 addr=01000000 pattern=c3 rc=ok ticks=32 polls=7 dspcr=0814
000021 TESTR tag=DET idx=0 addr=01000000 pattern=c3 expect=3c rc=ok ticks=34 polls=9 dspcr=0814 match_all=0 match_1f=1 match_b1=1 match_vote=1 vote=3c data=3d3c3c3c3c3c3c3c3c3c3c3c3c3c3c3c3c3c3c3c3c3c3c3c3c3c3c3c3c3c3c3c
000022 TESTW tag=DET idx=0 addr=01000000 pattern=3c rc=ok ticks=31 polls=8 dspcr=0814
000023 TESTR tag=DET idx=0 addr=01000000 pattern=3c expect=c3 rc=ok ticks=34 polls=9 dspcr=0814 match_all=1 match_1f=1 match_b1=1 match_vote=1 vote=c3 data=c3c3c3c3c3c3c3c3c3c3c3c3c3c3c3c3c3c3c3c3c3c3c3c3c3c3c3c3c3c3c3c3
000024 TESTW tag=DET idx=0 addr=01000000 pattern=ff rc=ok ticks=30 polls=8 dspcr=0814
000025 TESTR tag=DET idx=0 addr=01000000 pattern=ff expect=00 rc=ok ticks=34 polls=9 dspcr=0814 match_all=0 match_1f=1 match_b1=1 match_vote=1 vote=00 data=0100000000000000000000000000000000000000000000000000000000000000
000026 TESTW tag=DET idx=0 addr=01000000 pattern=00 rc=ok ticks=31 polls=8 dspcr=0814
000027 TESTR tag=DET idx=0 addr=01000000 pattern=00 expect=ff rc=ok ticks=34 polls=9 dspcr=0814 match_all=1 match_1f=1 match_b1=1 match_vote=1 vote=ff data=ffffffffffffffffffffffffffffffffffffffffffffffffffffffffffffffff
000028 DET verdict=present run=4 transport_ok=4 vote_ok=4 b1_ok=4 all32_ok=2
000029 PI tag=PRE intsr=00010000 intmr=00000ffa intsr13=0 intmr13=0
000030 PRECOND intsr13=0 intmr13=0 irq_path_required=0 poll_intsr=1 write_intsr=1 ticks=1 ok=1 reason=-
000031 SNAP tag=BASE ticks=2887770635 since_control=0 since_a1=0 since_a2=0 polls_before=0
000032 PI tag=BASE intsr=00010000 intmr=00000ffa intsr13=0 intmr13=0
000033 RAW BASE idx=4 addr=01400000 rc=ok ticks=34 polls=9 dspcr=0814 sem_vote=92 sem_b1f=92 data=b392929292929292929292929292929292929292929292929292929292929292
000034 RAW BASE idx=d addr=01d00000 rc=ok ticks=34 polls=9 dspcr=0814 sem_disc=8aaa sem_gbi=8aaa data=bb8aaaaa8a8aaaaa8a8aaaaa8a8aaaaa8a8aaaaa8a8aaaaa8a8aaaaa8a8aaaaa
000035 RAW BASE idx=0 addr=01000000 rc=ok ticks=34 polls=9 dspcr=0814 data=0100000000000000000000000000000000000000000000000000000000000000
000036 CONTROL semantic orig=92 exp=8e method=gbi-majority-vote transform=(v&~10)|0c
000037 IRQSHAPE tag=BASE disc=8aaa gbi=8aaa agree=1 masks_ok=1 bit15_ok=1 high_ok=1 req_masks=0aaa req_set=8000 req_clear=7000 ok=1 reason=-
000038 CTLW tag=EXP addr=01400000 semantic=8e rc=ok ticks=31 polls=8 dspcr=0814 t_after=2887776161 layout=gbi-replicated data=8e8e8e8e8e8e8e8e8e8e8e8e8e8e8e8e8e8e8e8e8e8e8e8e8e8e8e8e8e8e8e8e
000039 SNAP tag=P0 ticks=2887777127 since_control=966 since_a1=0 since_a2=0 polls_before=0
000040 PI tag=P0 intsr=00010000 intmr=00000ffa intsr13=0 intmr13=0
000041 RAW P0 idx=4 addr=01400000 rc=ok ticks=34 polls=9 dspcr=0814 sem_vote=8e sem_b1f=8e data=ff8e8e8e8e8e8e8e8e8e8e8e8e8e8e8e8e8e8e8e8e8e8e8e8e8e8e8e8e8e8e8e
000042 RAW P0 idx=d addr=01d00000 rc=ok ticks=34 polls=9 dspcr=0814 sem_disc=8aaa sem_gbi=8aaa data=bb8aaaaa8a8aaaaa8a8aaaaa8a8aaaaa8a8aaaaa8a8aaaaa8a8aaaaa8a8aaaaa
000043 RAW P0 idx=0 addr=01000000 rc=ok ticks=34 polls=9 dspcr=0814 data=0100000000000000000000000000000000000000000000000000000000000000
000044 P0CHK intsr13=0 intmr13=0 control=8e irq=8aaa ok=1 reason=-
000045 RAW A1PRE idx=d addr=01d00000 rc=ok ticks=34 polls=9 dspcr=0814 sem_disc=8aaa sem_gbi=8aaa data=bb8aaaaa8a8aaaaa8a8aaaaa8a8aaaaa8a8aaaaa8a8aaaaa8a8aaaaa8a8aaaaa
000046 IRQSHAPE tag=A1PRE disc=8aaa gbi=8aaa agree=1 masks_ok=1 bit15_ok=1 high_ok=1 req_masks=0aaa req_set=8000 req_clear=7000 ok=1 reason=-
000047 A1 before=8aaa ack_or=8000 ack_value=8aaa formula=read|ack_or
000048 IRQW tag=A1 addr=01d00000 before=8aaa write=8aaa layout=gbi-u16-replicated rc=ok ticks=31 polls=8 dspcr=0814 t_after=2887781525 data=8aaa8aaa8aaa8aaa8aaa8aaa8aaa8aaa8aaa8aaa8aaa8aaa8aaa8aaa8aaa8aaa
000049 SNAP tag=A1-0 ticks=2887781543 since_control=5382 since_a1=18 since_a2=0 polls_before=0
000050 PI tag=A1-0 intsr=00010000 intmr=00000ffa intsr13=0 intmr13=0
000051 RAW A1-0 idx=4 addr=01400000 rc=ok ticks=34 polls=9 dspcr=0814 sem_vote=8e sem_b1f=8e data=ff8e8e8e8e8e8e8e8e8e8e8e8e8e8e8e8e8e8e8e8e8e8e8e8e8e8e8e8e8e8e8e
000052 RAW A1-0 idx=d addr=01d00000 rc=ok ticks=34 polls=9 dspcr=0814 sem_disc=8aaa sem_gbi=8aaa data=bb8aaaaa8a8aaaaa8a8aaaaa8a8aaaaa8a8aaaaa8a8aaaaa8a8aaaaa8a8aaaaa
000053 SNAP tag=A1-50US ticks=2887783555 since_control=7394 since_a1=2030 since_a2=0 polls_before=288
000054 PI tag=A1-50US intsr=00010000 intmr=00000ffa intsr13=0 intmr13=0
000055 RAW A1-50US idx=4 addr=01400000 rc=ok ticks=34 polls=9 dspcr=0814 sem_vote=8e sem_b1f=8e data=ff8e8e8e8e8e8e8e8e8e8e8e8e8e8e8e8e8e8e8e8e8e8e8e8e8e8e8e8e8e8e8e
000056 RAW A1-50US idx=d addr=01d00000 rc=ok ticks=34 polls=9 dspcr=0814 sem_disc=8aaa sem_gbi=8aaa data=bb8aaaaa8a8aaaaa8a8aaaaa8a8aaaaa8a8aaaaa8a8aaaaa8a8aaaaa8a8aaaaa
000057 SNAP tag=A1-500US ticks=2887801780 since_control=25619 since_a1=20255 since_a2=0 polls_before=3328
000058 PI tag=A1-500US intsr=00010000 intmr=00000ffa intsr13=0 intmr13=0
000059 RAW A1-500US idx=4 addr=01400000 rc=ok ticks=34 polls=9 dspcr=0814 sem_vote=8e sem_b1f=8e data=ff8e8e8e8e8e8e8e8e8e8e8e8e8e8e8e8e8e8e8e8e8e8e8e8e8e8e8e8e8e8e8e
000060 RAW A1-500US idx=d addr=01d00000 rc=ok ticks=34 polls=9 dspcr=0814 sem_disc=8aaa sem_gbi=8aaa data=bb8aaaaa8a8aaaaa8a8aaaaa8a8aaaaa8a8aaaaa8a8aaaaa8a8aaaaa8a8aaaaa
000061 WINDOW tag=A1 deadlines=2/2 polls=3328 poll_errors=0 intsr13_in_phase=0 no_timebase=0
000062 RAW A2PRE idx=d addr=01d00000 rc=ok ticks=34 polls=9 dspcr=0814 sem_disc=8aaa sem_gbi=8aaa data=bb8aaaaa8a8aaaaa8a8aaaaa8a8aaaaa8a8aaaaa8a8aaaaa8a8aaaaa8a8aaaaa
000063 PI tag=A2PRE intsr=00010000 intmr=00000ffa intsr13=0 intmr13=0
000064 A2CHK irq_rc=ok pi_ok=1 intsr13=0 intmr13=0 ok=1
000065 A2 before=8aaa value=0000 formula=zero
000066 IRQW tag=A2 addr=01d00000 before=8aaa write=0000 layout=gbi-u16-replicated rc=ok ticks=31 polls=8 dspcr=0814 t_after=2887802271 data=0000000000000000000000000000000000000000000000000000000000000000
000067 SNAP tag=A2-0 ticks=2887802289 since_control=26128 since_a1=20764 since_a2=18 polls_before=0
000068 PI tag=A2-0 intsr=00010000 intmr=00000ffa intsr13=0 intmr13=0
000069 RAW A2-0 idx=4 addr=01400000 rc=ok ticks=34 polls=9 dspcr=0814 sem_vote=8e sem_b1f=8e data=ff8e8e8e8e8e8e8e8e8e8e8e8e8e8e8e8e8e8e8e8e8e8e8e8e8e8e8e8e8e8e8e
000070 RAW A2-0 idx=d addr=01d00000 rc=ok ticks=34 polls=9 dspcr=0814 sem_disc=0000 sem_gbi=0000 data=0100000000000000000000000000000000000000000000000000000000000000
000071 SNAP tag=A2-50US ticks=2887804296 since_control=28135 since_a1=22771 since_a2=2025 polls_before=296
000072 PI tag=A2-50US intsr=00010000 intmr=00000ffa intsr13=0 intmr13=0
000073 RAW A2-50US idx=4 addr=01400000 rc=ok ticks=34 polls=9 dspcr=0814 sem_vote=8e sem_b1f=8e data=ff8e8e8e8e8e8e8e8e8e8e8e8e8e8e8e8e8e8e8e8e8e8e8e8e8e8e8e8e8e8e8e
000074 RAW A2-50US idx=d addr=01d00000 rc=ok ticks=34 polls=9 dspcr=0814 sem_disc=0000 sem_gbi=0000 data=0100000000000000000000000000000000000000000000000000000000000000
000075 SNAP tag=A2-500US ticks=2887822526 since_control=46365 since_a1=41001 since_a2=20255 polls_before=3352
000076 PI tag=A2-500US intsr=00010000 intmr=00000ffa intsr13=0 intmr13=0
000077 RAW A2-500US idx=4 addr=01400000 rc=ok ticks=34 polls=9 dspcr=0814 sem_vote=8e sem_b1f=8e data=ff8e8e8e8e8e8e8e8e8e8e8e8e8e8e8e8e8e8e8e8e8e8e8e8e8e8e8e8e8e8e8e
000078 RAW A2-500US idx=d addr=01d00000 rc=ok ticks=34 polls=9 dspcr=0814 sem_disc=0000 sem_gbi=0000 data=0100000000000000000000000000000000000000000000000000000000000000
000079 SNAP tag=A2-5MS ticks=2888004773 since_control=228612 since_a1=223248 since_a2=202502 polls_before=34294
000080 PI tag=A2-5MS intsr=00010000 intmr=00000ffa intsr13=0 intmr13=0
000081 RAW A2-5MS idx=4 addr=01400000 rc=ok ticks=34 polls=9 dspcr=0814 sem_vote=8e sem_b1f=8e data=ff8e8e8e8e8e8e8e8e8e8e8e8e8e8e8e8e8e8e8e8e8e8e8e8e8e8e8e8e8e8e8e
000082 RAW A2-5MS idx=d addr=01d00000 rc=ok ticks=34 polls=9 dspcr=0814 sem_disc=0000 sem_gbi=0000 data=0100000000000000000000000000000000000000000000000000000000000000
000083 SNAP tag=A2-50MS ticks=2889827271 since_control=2051110 since_a1=2045746 since_a2=2025000 polls_before=344129
000084 PI tag=A2-50MS intsr=00010000 intmr=00000ffa intsr13=0 intmr13=0
000085 RAW A2-50MS idx=4 addr=01400000 rc=ok ticks=34 polls=9 dspcr=0814 sem_vote=8e sem_b1f=8e data=ff8e8e8e8e8e8e8e8e8e8e8e8e8e8e8e8e8e8e8e8e8e8e8e8e8e8e8e8e8e8e8e
000086 RAW A2-50MS idx=d addr=01d00000 rc=ok ticks=34 polls=9 dspcr=0814 sem_disc=0000 sem_gbi=0000 data=0100000000000000000000000000000000000000000000000000000000000000
000087 SNAP tag=EVENT ticks=2892085905 since_control=4309744 since_a1=4304380 since_a2=4283634 polls_before=728150 poll_intsr=00012000
000088 PI tag=EVENT intsr=00012000 intmr=00000ffa intsr13=1 intmr13=0
000089 RAW EVENT idx=4 addr=01400000 rc=ok ticks=34 polls=9 dspcr=0814 sem_vote=8e sem_b1f=8e data=ff8e8e8e8e8e8e8e8e8e8e8e8e8e8e8e8e8e8e8e8e8e8e8e8e8e8e8e8e8e8e8e
000090 RAW EVENT idx=d addr=01d00000 rc=ok ticks=34 polls=9 dspcr=0814 sem_disc=0400 sem_gbi=0400 data=0504000004040400040404000404040004040400040404000404040004040400
000091 WINDOW tag=A2 deadlines=4/6 polls=728150 poll_errors=0 ended_early=1 event=1 t_event=2892085905 intsr13_in_phase=1 t_end=2892086209 elapsed_ticks=4283938 elapsed_us=105776 no_timebase=0
000092 REGION log_count_start=45 log_count_end=45 formatted_inside=0
000093 EPOCH t64_pre=795fe8ac1fae70 t64_post=795fe8ac6244f5 t32_pre=2887757428 t_control32=2887776161 control_written=1 epoch_ok=1 t_control_transform=795fe8ac1ff79d deadline=795fe9cdcdae9d
000094 IRQ install rc=ok old_handler=null record_count=0 record_fired=0
000095 SNAP tag=PREUNMASK ticks=2892123071 since_control=4346910 since_a1=4341546 since_a2=4320800 polls_before=0
000096 PI tag=PREUNMASK intsr=00012000 intmr=00000ffa intsr13=1 intmr13=0
000097 PI tag=PREUNMASKb intsr=00012000 intmr=00000ffa intsr13=1 intmr13=0
000098 RAW PREUNMASK idx=4 addr=01400000 rc=ok ticks=34 polls=9 dspcr=0814 sem_vote=8e sem_b1f=8e data=ff8e8e8e8e8e8e8e8e8e8e8e8e8e8e8e8e8e8e8e8e8e8e8e8e8e8e8e8e8e8e8e
000099 RAW PREUNMASK idx=d addr=01d00000 rc=ok ticks=34 polls=9 dspcr=0814 sem_disc=0500 sem_gbi=0500 data=0505010005050500050505000505050005050500050505000505050005050500
000100 PREUNMASK ok=1 reason=- intsr13=1,1 intmr13=0,0 control=8e irq=0500/0500 src=0500 odd=0000 bit15=0
000101 PI tag=UNMASKPRE-0 rc=ok intsr=00012000 intmr=00000ffa intsr13=1 intmr13=0
000102 UNMASK n=0 t_unmask=2892128488 rc=ok t_post=2892128739 dt_post=251
000103 PI tag=UNMASKPOST-0 rc=ok intsr=00010000 intmr=00000ffa intsr13=0 intmr13=0 fired=1
000104 IRQ mask tag=MAIN n=0 rc=ok
000105 WAIT n=0 fired=1 timed_out=0 polls=1 wait_ticks=311 wait_us=7 t_delivery_ms=100 t_delivery_ticks=4050000
000106 PI tag=REMASKCHK-0 intsr=00010000 intmr=00000ffa intsr13=0 intmr13=0
000107 HANDLER n=0 fired=1 count=1 t_entry=2892128568 t_unmask=2892128488 latency_ticks=80 latency_us=1 reentry=0
000108 HANDLERPI n=0 intsr_at_entry=00012000 intmr_at_entry=00002ffa intmr_after_mask=00000ffa intsr_before_w1c=00012000 intsr_after_w1c=00010000 reentry_intsr=00000000 reentry_intmr=00000000
000109 HANDLERPI2 n=0 t_second=2892128709 dt_second=141 intsr_second=00010000 intmr_second=00000ffa reentry_t=0
000110 DELIVERY n=0 fired=1 count=1 latency_ticks=80 latency_us=1 intsr13_entry=1 intmr13_entry=1 intmr13_after_mask=0 intsr13_before_w1c=1 intsr13_after_w1c=0 intsr13_second=0 intmr13_second=0 main_mask_ok=1 reentry=0
000111 SNAP tag=PRESVC-0 ticks=2892136493 since_control=4360332 since_a1=4354968 since_a2=4334222 polls_before=0
000112 PI tag=PRESVC-0 intsr=00010000 intmr=00000ffa intsr13=0 intmr13=0
000113 PI tag=PRESVC-0b intsr=00010000 intmr=00000ffa intsr13=0 intmr13=0
000114 RAW PRESVC-0 idx=4 addr=01400000 rc=ok ticks=34 polls=9 dspcr=0814 sem_vote=8e sem_b1f=8e data=ff8e8e8e8e8e8e8e8e8e8e8e8e8e8e8e8e8e8e8e8e8e8e8e8e8e8e8e8e8e8e8e
000115 RAW PRESVC-0 idx=d addr=01d00000 rc=ok ticks=34 polls=9 dspcr=0814 sem_disc=0500 sem_gbi=0500 data=0505010005050500050505000505050005050500050505000505050005050500
000116 AUDIOREAD idx=8 addr=01800000 len=1000 selected=1 attempted=1 completed=1 rc=ok t_start=2892140666 t_end=2892143364 dt=2698 wait_ticks=2472 polls=759 csr_before=0814 csr_after=0814
000117 VIDEOREAD idx=1 addr=01100000 len=0f00 selected=1 attempted=1 completed=1 rc=ok t_start=2892145023 t_end=2892147445 dt=2422 wait_ticks=2319 polls=712 csr_before=0814 csr_after=0814
000118 SNAP tag=POSTDRAIN-0 ticks=2892148869 since_control=4372708 since_a1=4367344 since_a2=4346598 polls_before=0
000119 PI tag=POSTDRAIN-0 intsr=00010000 intmr=00000ffa intsr13=0 intmr13=0
000120 PI tag=POSTDRAIN-0b intsr=00010000 intmr=00000ffa intsr13=0 intmr13=0
000121 RAW POSTDRAIN-0 idx=4 addr=01400000 rc=ok ticks=34 polls=9 dspcr=0814 sem_vote=8e sem_b1f=8e data=ff8e8e8e8e8e8e8e8e8e8e8e8e8e8e8e8e8e8e8e8e8e8e8e8e8e8e8e8e8e8e8e
000122 RAW POSTDRAIN-0 idx=d addr=01d00000 rc=ok ticks=34 polls=9 dspcr=0814 sem_disc=0500 sem_gbi=0500 data=0505010005050500050505000505050005050500050505000505050005050500
000123 ACK n=0 before=0500 ack_or=8000 ack_value=8500 formula=read|ack_or
000124 IRQW tag=ACK-0 addr=01d00000 before=0500 write=8500 layout=gbi-u16-replicated rc=ok ticks=31 polls=8 dspcr=0814 t_after=2892153349 data=8500850085008500850085008500850085008500850085008500850085008500
000125 SNAP tag=POSTACK-0 ticks=2892154392 since_control=4378231 since_a1=4372867 since_a2=4352121 polls_before=0
000126 PI tag=POSTACK-0 intsr=00010000 intmr=00000ffa intsr13=0 intmr13=0
000127 PI tag=POSTACK-0b intsr=00010000 intmr=00000ffa intsr13=0 intmr13=0
000128 RAW POSTACK-0 idx=4 addr=01400000 rc=ok ticks=34 polls=9 dspcr=0814 sem_vote=8e sem_b1f=8e data=ff8e8e8e8e8e8e8e8e8e8e8e8e8e8e8e8e8e8e8e8e8e8e8e8e8e8e8e8e8e8e8e
000129 RAW POSTACK-0 idx=d addr=01d00000 rc=ok ticks=34 polls=9 dspcr=0814 sem_disc=8000 sem_gbi=8000 data=8180000080800000808000008080000080800000808000008080000080800000
000130 POSTACK n=0 intsr13=0,0 intmr13=0 control=8e irq=8000/8000 src_pending=0000 bit15=1 ack=1/1
000131 MAINPICLEANUP n=0 site=POSTACK performed=0 intsr13=0 intmr13=0
000132 IRQW tag=REARM-0 addr=01d00000 before=8000 write=0000 layout=gbi-u16-replicated rc=ok ticks=31 polls=8 dspcr=0814 t_after=2892160587 data=0000000000000000000000000000000000000000000000000000000000000000
000133 PI tag=UNMASKPRE-1 rc=ok intsr=00012000 intmr=00000ffa intsr13=1 intmr13=0
000134 UNMASK n=1 t_unmask=2892162580 rc=ok t_post=2892162819 dt_post=239
000135 PI tag=UNMASKPOST-1 rc=ok intsr=00010000 intmr=00000ffa intsr13=0 intmr13=0 fired=1
000136 IRQ mask tag=MAIN n=1 rc=ok
000137 WAIT n=1 fired=1 timed_out=0 polls=1 wait_ticks=269 wait_us=6 t_delivery_ms=100 t_delivery_ticks=4050000
000138 PI tag=REMASKCHK-1 intsr=00010000 intmr=00000ffa intsr13=0 intmr13=0
000139 HANDLER n=1 fired=1 count=1 t_entry=2892162648 t_unmask=2892162580 latency_ticks=68 latency_us=1 reentry=0
000140 HANDLERPI n=1 intsr_at_entry=00012000 intmr_at_entry=00002ffa intmr_after_mask=00000ffa intsr_before_w1c=00012000 intsr_after_w1c=00010000 reentry_intsr=00000000 reentry_intmr=00000000
000141 HANDLERPI2 n=1 t_second=2892162793 dt_second=145 intsr_second=00010000 intmr_second=00000ffa reentry_t=0
000142 DELIVERY n=1 fired=1 count=1 latency_ticks=68 latency_us=1 intsr13_entry=1 intmr13_entry=1 intmr13_after_mask=0 intsr13_before_w1c=1 intsr13_after_w1c=0 intsr13_second=0 intmr13_second=0 main_mask_ok=1 reentry=0
000143 SNAP tag=PRESVC-1 ticks=2892170307 since_control=4394146 since_a1=4388782 since_a2=4368036 polls_before=0
000144 PI tag=PRESVC-1 intsr=00010000 intmr=00000ffa intsr13=0 intmr13=0
000145 PI tag=PRESVC-1b intsr=00010000 intmr=00000ffa intsr13=0 intmr13=0
000146 RAW PRESVC-1 idx=4 addr=01400000 rc=ok ticks=34 polls=9 dspcr=0814 sem_vote=8e sem_b1f=8e data=ff8e8e8e8e8e8e8e8e8e8e8e8e8e8e8e8e8e8e8e8e8e8e8e8e8e8e8e8e8e8e8e
000147 RAW PRESVC-1 idx=d addr=01d00000 rc=ok ticks=34 polls=9 dspcr=0814 sem_disc=0500 sem_gbi=0500 data=0505010005050500050505000505050005050500050505000505050005050400
000148 AUDIOREAD idx=8 addr=01800000 len=1000 selected=1 attempted=1 completed=1 rc=ok t_start=2892174235 t_end=2892176843 dt=2608 wait_ticks=2475 polls=760 csr_before=0814 csr_after=0814
000149 VIDEOREAD idx=1 addr=01100000 len=0f00 selected=1 attempted=1 completed=1 rc=ok t_start=2892178246 t_end=2892180667 dt=2421 wait_ticks=2319 polls=712 csr_before=0814 csr_after=0814
000150 SNAP tag=POSTDRAIN-1 ticks=2892182033 since_control=4405872 since_a1=4400508 since_a2=4379762 polls_before=0
000151 PI tag=POSTDRAIN-1 intsr=00010000 intmr=00000ffa intsr13=0 intmr13=0
000152 PI tag=POSTDRAIN-1b intsr=00010000 intmr=00000ffa intsr13=0 intmr13=0
000153 RAW POSTDRAIN-1 idx=4 addr=01400000 rc=ok ticks=34 polls=9 dspcr=0814 sem_vote=8e sem_b1f=8e data=ff8e8e8e8e8e8e8e8e8e8e8e8e8e8e8e8e8e8e8e8e8e8e8e8e8e8e8e8e8e8e8e
000154 RAW POSTDRAIN-1 idx=d addr=01d00000 rc=ok ticks=34 polls=9 dspcr=0814 sem_disc=0500 sem_gbi=0500 data=0505010005050500050505000505050005050500050505000505050005050500
000155 ACK n=1 before=0500 ack_or=8000 ack_value=8500 formula=read|ack_or
000156 IRQW tag=ACK-1 addr=01d00000 before=0500 write=8500 layout=gbi-u16-replicated rc=ok ticks=31 polls=8 dspcr=0814 t_after=2892186392 data=8500850085008500850085008500850085008500850085008500850085008500
000157 SNAP tag=POSTACK-1 ticks=2892187400 since_control=4411239 since_a1=4405875 since_a2=4385129 polls_before=0
000158 PI tag=POSTACK-1 intsr=00010000 intmr=00000ffa intsr13=0 intmr13=0
000159 PI tag=POSTACK-1b intsr=00010000 intmr=00000ffa intsr13=0 intmr13=0
000160 RAW POSTACK-1 idx=4 addr=01400000 rc=ok ticks=34 polls=9 dspcr=0814 sem_vote=8e sem_b1f=8e data=ff8e8e8e8e8e8e8e8e8e8e8e8e8e8e8e8e8e8e8e8e8e8e8e8e8e8e8e8e8e8e8e
000161 RAW POSTACK-1 idx=d addr=01d00000 rc=ok ticks=34 polls=9 dspcr=0814 sem_disc=8000 sem_gbi=8000 data=8180000080800000808000008080000080800000808000008080000080800000
000162 POSTACK n=1 intsr13=0,0 intmr13=0 control=8e irq=8000/8000 src_pending=0000 bit15=1 ack=1/1
000163 MAINPICLEANUP n=1 site=POSTACK performed=0 intsr13=0 intmr13=0
000164 IRQW tag=REARM-1 addr=01d00000 before=8000 write=0000 layout=gbi-u16-replicated rc=ok ticks=31 polls=8 dspcr=0814 t_after=2892193282 data=0000000000000000000000000000000000000000000000000000000000000000
000165 PI tag=UNMASKPRE-2 rc=ok intsr=00012000 intmr=00000ffa intsr13=1 intmr13=0
000166 UNMASK n=2 t_unmask=2892195033 rc=ok t_post=2892195245 dt_post=212
000167 PI tag=UNMASKPOST-2 rc=ok intsr=00010000 intmr=00000ffa intsr13=0 intmr13=0 fired=1
000168 IRQ mask tag=MAIN n=2 rc=ok
000169 WAIT n=2 fired=1 timed_out=0 polls=1 wait_ticks=240 wait_us=5 t_delivery_ms=100 t_delivery_ticks=4050000
000170 PI tag=REMASKCHK-2 intsr=00010000 intmr=00000ffa intsr13=0 intmr13=0
000171 HANDLER n=2 fired=1 count=1 t_entry=2892195081 t_unmask=2892195033 latency_ticks=48 latency_us=1 reentry=0
000172 HANDLERPI n=2 intsr_at_entry=00012000 intmr_at_entry=00002ffa intmr_after_mask=00000ffa intsr_before_w1c=00012000 intsr_after_w1c=00010000 reentry_intsr=00000000 reentry_intmr=00000000
000173 HANDLERPI2 n=2 t_second=2892195223 dt_second=142 intsr_second=00010000 intmr_second=00000ffa reentry_t=0
000174 DELIVERY n=2 fired=1 count=1 latency_ticks=48 latency_us=1 intsr13_entry=1 intmr13_entry=1 intmr13_after_mask=0 intsr13_before_w1c=1 intsr13_after_w1c=0 intsr13_second=0 intmr13_second=0 main_mask_ok=1 reentry=0
000175 SNAP tag=PRESVC-2 ticks=2892202574 since_control=4426413 since_a1=4421049 since_a2=4400303 polls_before=0
000176 PI tag=PRESVC-2 intsr=00010000 intmr=00000ffa intsr13=0 intmr13=0
000177 PI tag=PRESVC-2b intsr=00010000 intmr=00000ffa intsr13=0 intmr13=0
000178 RAW PRESVC-2 idx=4 addr=01400000 rc=ok ticks=31 polls=8 dspcr=0814 sem_vote=8e sem_b1f=8e data=ff8e8e8e8e8e8e8e8e8e8e8e8e8e8e8e8e8e8e8e8e8e8e8e8e8e8e8e8e8e8e8e
000179 RAW PRESVC-2 idx=d addr=01d00000 rc=ok ticks=34 polls=9 dspcr=0814 sem_disc=0500 sem_gbi=0500 data=0505010005050500050505000505050005050500050505000505050005050500
000180 AUDIOREAD idx=8 addr=01800000 len=1000 selected=1 attempted=1 completed=1 rc=ok t_start=2892206456 t_end=2892209081 dt=2625 wait_ticks=2475 polls=760 csr_before=0814 csr_after=0814
000181 VIDEOREAD idx=1 addr=01100000 len=0f00 selected=1 attempted=1 completed=1 rc=ok t_start=2892210541 t_end=2892212965 dt=2424 wait_ticks=2322 polls=713 csr_before=0814 csr_after=0814
000182 SNAP tag=POSTDRAIN-2 ticks=2892214348 since_control=4438187 since_a1=4432823 since_a2=4412077 polls_before=0
000183 PI tag=POSTDRAIN-2 intsr=00010000 intmr=00000ffa intsr13=0 intmr13=0
000184 PI tag=POSTDRAIN-2b intsr=00010000 intmr=00000ffa intsr13=0 intmr13=0
000185 RAW POSTDRAIN-2 idx=4 addr=01400000 rc=ok ticks=34 polls=9 dspcr=0814 sem_vote=8e sem_b1f=8e data=ff8e8e8e8e8e8e8e8e8e8e8e8e8e8e8e8e8e8e8e8e8e8e8e8e8e8e8e8e8e8e8e
000186 RAW POSTDRAIN-2 idx=d addr=01d00000 rc=ok ticks=34 polls=9 dspcr=0814 sem_disc=0500 sem_gbi=0500 data=0505010005050500050505000505050005050500050505000505050005050500
000187 ACK n=2 before=0500 ack_or=8000 ack_value=8500 formula=read|ack_or
000188 IRQW tag=ACK-2 addr=01d00000 before=0500 write=8500 layout=gbi-u16-replicated rc=ok ticks=30 polls=8 dspcr=0814 t_after=2892218712 data=8500850085008500850085008500850085008500850085008500850085008500
000189 SNAP tag=POSTACK-2 ticks=2892219719 since_control=4443558 since_a1=4438194 since_a2=4417448 polls_before=0
000190 PI tag=POSTACK-2 intsr=00010000 intmr=00000ffa intsr13=0 intmr13=0
000191 PI tag=POSTACK-2b intsr=00010000 intmr=00000ffa intsr13=0 intmr13=0
000192 RAW POSTACK-2 idx=4 addr=01400000 rc=ok ticks=34 polls=9 dspcr=0814 sem_vote=8e sem_b1f=8e data=ff8e8e8e8e8e8e8e8e8e8e8e8e8e8e8e8e8e8e8e8e8e8e8e8e8e8e8e8e8e8e8e
000193 RAW POSTACK-2 idx=d addr=01d00000 rc=ok ticks=34 polls=9 dspcr=0814 sem_disc=8000 sem_gbi=8000 data=8180000080800000808000008080000080800000808000008080000080800000
000194 POSTACK n=2 intsr13=0,0 intmr13=0 control=8e irq=8000/8000 src_pending=0000 bit15=1 ack=1/1
000195 MAINPICLEANUP n=2 site=POSTACK performed=0 intsr13=0 intmr13=0
000196 IRQW tag=REARM-2 addr=01d00000 before=8000 write=0000 layout=gbi-u16-replicated rc=ok ticks=31 polls=8 dspcr=0814 t_after=2892225577 data=0000000000000000000000000000000000000000000000000000000000000000
000197 PI tag=UNMASKPRE-3 rc=ok intsr=00012000 intmr=00000ffa intsr13=1 intmr13=0
000198 UNMASK n=3 t_unmask=2892227321 rc=ok t_post=2892227524 dt_post=203
000199 PI tag=UNMASKPOST-3 rc=ok intsr=00010000 intmr=00000ffa intsr13=0 intmr13=0 fired=1
000200 IRQ mask tag=MAIN n=3 rc=ok
000201 WAIT n=3 fired=1 timed_out=0 polls=1 wait_ticks=230 wait_us=5 t_delivery_ms=100 t_delivery_ticks=4050000
000202 PI tag=REMASKCHK-3 intsr=00010000 intmr=00000ffa intsr13=0 intmr13=0
000203 HANDLER n=3 fired=1 count=1 t_entry=2892227363 t_unmask=2892227321 latency_ticks=42 latency_us=1 reentry=0
000204 HANDLERPI n=3 intsr_at_entry=00012000 intmr_at_entry=00002ffa intmr_after_mask=00000ffa intsr_before_w1c=00012000 intsr_after_w1c=00010000 reentry_intsr=00000000 reentry_intmr=00000000
000205 HANDLERPI2 n=3 t_second=2892227505 dt_second=142 intsr_second=00010000 intmr_second=00000ffa reentry_t=0
000206 DELIVERY n=3 fired=1 count=1 latency_ticks=42 latency_us=1 intsr13_entry=1 intmr13_entry=1 intmr13_after_mask=0 intsr13_before_w1c=1 intsr13_after_w1c=0 intsr13_second=0 intmr13_second=0 main_mask_ok=1 reentry=0
000207 SNAP tag=PRESVC-3 ticks=2892234837 since_control=4458676 since_a1=4453312 since_a2=4432566 polls_before=0
000208 PI tag=PRESVC-3 intsr=00010000 intmr=00000ffa intsr13=0 intmr13=0
000209 PI tag=PRESVC-3b intsr=00010000 intmr=00000ffa intsr13=0 intmr13=0
000210 RAW PRESVC-3 idx=4 addr=01400000 rc=ok ticks=35 polls=9 dspcr=0814 sem_vote=8e sem_b1f=8e data=ff8e8e8e8e8e8e8e8e8e8e8e8e8e8e8e8e8e8e8e8e8e8e8e8e8e8e8e8e8e8e8e
000211 RAW PRESVC-3 idx=d addr=01d00000 rc=ok ticks=34 polls=9 dspcr=0814 sem_disc=0500 sem_gbi=0500 data=0505010005050500050505000505050005050500050505000505050005050500
000212 AUDIOREAD idx=8 addr=01800000 len=1000 selected=1 attempted=1 completed=1 rc=ok t_start=2892238715 t_end=2892241298 dt=2583 wait_ticks=2475 polls=760 csr_before=0814 csr_after=0814
000213 VIDEOREAD idx=1 addr=01100000 len=0f00 selected=1 attempted=1 completed=1 rc=ok t_start=2892242696 t_end=2892245117 dt=2421 wait_ticks=2319 polls=712 csr_before=0814 csr_after=0814
000214 SNAP tag=POSTDRAIN-3 ticks=2892246482 since_control=4470321 since_a1=4464957 since_a2=4444211 polls_before=0
000215 PI tag=POSTDRAIN-3 intsr=00010000 intmr=00000ffa intsr13=0 intmr13=0
000216 PI tag=POSTDRAIN-3b intsr=00010000 intmr=00000ffa intsr13=0 intmr13=0
000217 RAW POSTDRAIN-3 idx=4 addr=01400000 rc=ok ticks=34 polls=9 dspcr=0814 sem_vote=8e sem_b1f=8e data=ff8e8e8e8e8e8e8e8e8e8e8e8e8e8e8e8e8e8e8e8e8e8e8e8e8e8e8e8e8e8e8e
000218 RAW POSTDRAIN-3 idx=d addr=01d00000 rc=ok ticks=34 polls=9 dspcr=0814 sem_disc=0500 sem_gbi=0500 data=0505010005050500050505000505050005050500050505000505050005050500
000219 ACK n=3 before=0500 ack_or=8000 ack_value=8500 formula=read|ack_or
000220 IRQW tag=ACK-3 addr=01d00000 before=0500 write=8500 layout=gbi-u16-replicated rc=ok ticks=30 polls=8 dspcr=0814 t_after=2892250896 data=8500850085008500850085008500850085008500850085008500850085008500
000221 SNAP tag=POSTACK-3 ticks=2892251917 since_control=4475756 since_a1=4470392 since_a2=4449646 polls_before=0
000222 PI tag=POSTACK-3 intsr=00010000 intmr=00000ffa intsr13=0 intmr13=0
000223 PI tag=POSTACK-3b intsr=00010000 intmr=00000ffa intsr13=0 intmr13=0
000224 RAW POSTACK-3 idx=4 addr=01400000 rc=ok ticks=34 polls=9 dspcr=0814 sem_vote=8e sem_b1f=8e data=ff8e8e8e8e8e8e8e8e8e8e8e8e8e8e8e8e8e8e8e8e8e8e8e8e8e8e8e8e8e8e8e
000225 RAW POSTACK-3 idx=d addr=01d00000 rc=ok ticks=34 polls=9 dspcr=0814 sem_disc=8100 sem_gbi=8100 data=8181010081810000818100008181000081810000818100008181000081810000
000226 POSTACK n=3 intsr13=0,0 intmr13=0 control=8e irq=8100/8100 src_pending=0100 bit15=1 ack=1/1
000227 MAINPICLEANUP n=3 site=POSTACK performed=0 intsr13=0 intmr13=0
000228 IRQW tag=REARM-3 addr=01d00000 before=8100 write=0000 layout=gbi-u16-replicated rc=ok ticks=31 polls=8 dspcr=0814 t_after=2892257781 data=0000000000000000000000000000000000000000000000000000000000000000
000229 KEY n=1 act=first keys=0000 word=0000 t_poll=795fe8ac647ad0 t_attempt=795fe8ac647ba1 t_done=795fe8ac647c37 xfer=30 rc=ok
000230 KEY n=2 act=change keys=0001 word=0001 t_poll=795fe8bbc763bc t_attempt=795fe8bbc763d4 t_done=795fe8bbc7641b xfer=31 rc=ok
000231 KEY n=3 act=change keys=0000 word=0000 t_poll=795fe8bc243370 t_attempt=795fe8bc243389 t_done=795fe8bc2433d0 xfer=30 rc=ok
000232 TEARDOWN start control_written=1 irq_attempted=881578 irq_completed=881578 uncertain_writes=0 intsr13_seen=1 pi_policy=unmasked_per_cycle
000233 CTLW tag=RESTORE addr=01400000 semantic=92 rc=ok ticks=31 polls=8 dspcr=0814 t_after=1467706325 layout=gbi-replicated data=9292929292929292929292929292929292929292929292929292929292929292
000234 RAW TDCTL idx=4 addr=01400000 rc=ok ticks=34 polls=9 dspcr=0814 sem_vote=92 sem_b1f=92 data=b392929292929292929292929292929292929292929292929292929292929292
000235 CONTROL restore semantic=92 rc=ok readback_rc=ok readback_vote=92 readback_b1f=92 ok=1
000236 RAW IRQSTOPPRE idx=d addr=01d00000 rc=ok ticks=34 polls=9 dspcr=0814 sem_disc=0100 sem_gbi=0100 data=0101010001010100010101000101010001010100010101000101010001010100
000237 IRQSTOP pre rc=ok disc=0100 gbi=0100 stop_or=8aaa stop_value=8baa formula=read|stop_or comment=startup-disc-stop-shadow
000238 IRQW tag=STOP addr=01d00000 before=0100 write=8baa layout=gbi-u16-replicated rc=ok ticks=31 polls=8 dspcr=0814 t_after=1467711161 data=8baa8baa8baa8baa8baa8baa8baa8baa8baa8baa8baa8baa8baa8baa8baa8baa
000239 RAW IRQSTOPPOST idx=d addr=01d00000 rc=ok ticks=34 polls=9 dspcr=0814 sem_disc=8aaa sem_gbi=8aaa data=bb8aaaaa8a8aaaaa8a8aaaaa8a8aaaaa8a8aaaaa8a8aaaaa8a8aaaaa8a8aaaaa
000240 IRQSTOP post rc=ok disc=8aaa gbi=8aaa write_ok=1 readback_ok=1 masks_readback=1 bit15_readback=1
000241 PI tag=CLEANUPCHK intsr=00012000 intmr=00000ffa intsr13=1 intmr13=0
000242 PI tag=CLEANUP intsr=00010000 intmr=00000ffa intsr13=0 intmr13=0
000243 CLEANUP performed=1 value=00002000 rc=ok intsr_before=00012000 intsr_after=00010000 intsr13_after=0 sticky=0 ok=1
000244 IRQ restore rc=ok ok=1 old_handler=null
000245 PI tag=MASKCHK intsr=00010000 intmr=00000ffa intsr13=0 intmr13=0
000246 MASK final intmr=00000ffa intmr13=0 orig_intmr13=0 ok=1
000247 ARINFO restore value=0043 rc=ok readback=0043 ok=1
000248 SNAP tag=FINAL ticks=1467717527 since_control=2874908662 since_a1=2874903298 since_a2=2874882552 polls_before=0
000249 PI tag=FINAL intsr=00010000 intmr=00000ffa intsr13=0 intmr13=0
000250 RAW FINAL idx=4 addr=01400000 rc=ok ticks=38 polls=10 dspcr=0814 sem_vote=00 sem_b1f=00 data=0100000000000000000000000000000000000000000000000000000000000000
000251 RAW FINAL idx=d addr=01d00000 rc=ok ticks=34 polls=9 dspcr=0814 sem_disc=9292 sem_gbi=9292 data=b392929292929292929292929292929292929292929292929292929292929292
000252 FINAL arinfo=0043 intsr=00010000 intmr=00000ffa intsr13=0 intmr13=0 control=00 irq=9292 power_cycle_required=1
000253 TEARDOWNVSTATE variant=S5_session_end stop=session_end deliveries=440788 video=169221 acks=440788 rearms=440788 unmasks=440788 next_cause_at_end=1
000254 VSTATE end status=ok_session_ended class=ok reason=- stop=session_end restore=ok restore_reason=- teardown=S5_session_end power_cycle_required=1 errors=0 transport_ok=1
000255 WRITES control_written=1 irq_attempted=881579 irq_completed=881579 ctl_exp=1/1 a1=1/1 a2=1/1 stop=1/1 ctl_restore=1/1 uncertain=0 power_cycle_required=1 format=attempted/completed
000256 OBSERVED intsr13_seen=1 t_first_intsr13=2892085905 first_phase=A2 first_value=00012000 polls_at_first=728150 event=1 ended_early=1
000257 RESTORE control_restore_ok=1 irq_stop_write_ok=1 irq_stop_readback_ok=1 stop_masks_readback=1 stop_bit15_readback=1 pi_cleanup_performed=1 pi_cleanup_ok=1 pi_cleanup_sticky=0 arinfo_restore_ok=1
000258 CLOCKS tb_hz=40500000 epoch=795fe8ac1ff79d capture_start=795fe8ac627fa1 stop=795fe9577b6095 capture_elapsed=ab18e0f4 baseline_elapsed=2feb94 valid=7077f796 valid_at_target=0 safety=ab5b68f8
000259 CLOCKSEC capture_s=70.877 baseline_s=0.077 valid_s=46.590 safety_s=70.985 target_s=0 limit_s=120
000260 FRAMECAP frames=4232 complete=4150 incomplete=82 resync=164 anomaly_frame=1 anomaly_region=82 counted=4065 blocks=169221 pre_boundary=31 store_full=0
000261 PREDICATES boundaries_disc=4233 boundaries_gbi=4233 disagreements=0 first_frame=0 first_block=0 first4=00000000 segmentation=disc
000262 INTERVALS 30:1,34:4,37:1,38:7,39:68,40:4150,49:1  (index 49 = 48 blocks with no boundary; 40 is never assumed)
000263 BASELINE valid=1 frames_seen=3 frame_index=4 t_valid=795fe8ac926b35 sig0=7f0fff10 sig39=ff0fff0f reference_updates=10 early_candidates=0
000264 STRUCTURED status=observed episodes=12 stable=10 unstable=2 not_preserved=8 store_full=1 descriptors=4 raw_slots=16 tail_frames=0 tail_ticks=0 tail_truncated=0
000265 EPISODE i=0 idx=00000001 state=closed flags=0005 frames=18 stable_count=3 open_frame=8 close_frame=25 t_open=795fe8acbbcd16 t_close=795fe8ad6bb18c raw=4/4 sig0=7f0fff10
000266 EPISODE i=1 idx=00000002 state=closed flags=0006 frames=60 stable_count=1 open_frame=30 close_frame=89 t_open=795fe8ad9f6dd2 t_close=795fe8b001e23f raw=4/4 sig0=00000000
000267 EPISODE i=2 idx=00000003 state=closed flags=0006 frames=60 stable_count=1 open_frame=90 close_frame=149 t_open=795fe8b00c452f t_close=795fe8b26ebdcf raw=4/4 sig0=00000000
000268 EPISODE i=3 idx=00000004 state=closed flags=0005 frames=48 stable_count=3 open_frame=150 close_frame=197 t_open=795fe8b2790903 t_close=795fe8b45f54bd raw=4/4 sig0=7f0fff10
000269 AUDIOAGG selected=288620 attempted=288620 completed=288620 failures=0 bytes=1182187520 raw_kept=2 first_valid=1 last_valid=1
000270 SIGCOST samples=169221 min=777 median=823(exact=0,w=64) p95=951(exact=0,w=64) max=1107 mean=835 overflow=0 threshold=none
000271 EV seq=1 t=795fe8ac627fa1 type=capture_start f=0 ep=00000000 a=0 b=0 c=00000000 d=0
000272 EV seq=2 t=795fe8ac6910f8 type=resync f=0 ep=00000000 a=0 b=30 c=00000001 d=2
000273 EV seq=3 t=795fe8ac6910f8 type=incomplete_interval f=1 ep=00000000 a=0 b=30 c=00000002 d=1
000274 EV seq=4 t=795fe8ac7dbfb0 type=baseline_candidate f=3 ep=00000000 a=2 b=1 c=00000000 d=0
000275 EV seq=5 t=795fe8ac88110a type=baseline_candidate f=4 ep=00000000 a=3 b=2 c=00000000 d=0
000276 EV seq=6 t=795fe8ac926b35 type=baseline_candidate f=5 ep=00000000 a=4 b=3 c=00000000 d=0
000277 EV seq=7 t=795fe8ac926b35 type=baseline_valid f=5 ep=00000000 a=4 b=3 c=7f0fff10 d=4279238415
000278 EV seq=8 t=795fe8acbbcd16 type=episode_open f=9 ep=00000001 a=1 b=8 c=7f0fff10 d=2131754768
000279 EV seq=9 t=795fe8acc62b41 type=resync f=9 ep=00000001 a=9 b=34 c=00000001 d=2
000280 EV seq=10 t=795fe8acc62b41 type=incomplete_interval f=10 ep=00000001 a=9 b=34 c=00000002 d=1
000281 EV seq=11 t=795fe8acdad6c1 type=episode_stabilising f=12 ep=00000001 a=1 b=11 c=00000001 d=2131754768
000282 EV seq=12 t=795fe8ace52fed type=resync f=12 ep=00000001 a=12 b=38 c=00000001 d=2
000283 EV seq=13 t=795fe8ace52fed type=incomplete_interval f=13 ep=00000001 a=12 b=38 c=00000002 d=1
000284 EV seq=14 t=795fe8acf9eb37 type=episode_stabilising f=15 ep=00000001 a=1 b=14 c=00000001 d=2131754768
000285 EV seq=15 t=795fe8ad043a28 type=resync f=15 ep=00000001 a=15 b=38 c=00000001 d=2
000286 EV seq=16 t=795fe8ad043a28 type=incomplete_interval f=16 ep=00000001 a=15 b=38 c=00000002 d=1
000287 EV seq=17 t=795fe8ad18ebb6 type=episode_stabilising f=18 ep=00000001 a=1 b=17 c=00000001 d=2131754768
000288 EV seq=18 t=795fe8ad234435 type=episode_stabilising f=19 ep=00000001 a=1 b=18 c=00000001 d=2131754768
000289 EV seq=19 t=795fe8ad2d9d6d type=episode_stabilising f=20 ep=00000001 a=1 b=19 c=00000001 d=2131754768
000290 EV seq=20 t=795fe8ad37f634 type=episode_stabilising f=21 ep=00000001 a=1 b=20 c=00000001 d=2131754768
000291 EV seq=21 t=795fe8ad4256c1 type=episode_stabilising f=22 ep=00000001 a=1 b=21 c=00000001 d=2131754768
000292 EV seq=22 t=795fe8ad4ca787 type=episode_stabilising f=23 ep=00000001 a=1 b=22 c=00000001 d=2131754768
000293 EV seq=23 t=795fe8ad570240 type=episode_stabilising f=24 ep=00000001 a=1 b=23 c=00000001 d=2131754768
000294 EV seq=24 t=795fe8ad615904 type=episode_stabilising f=25 ep=00000001 a=1 b=24 c=00000002 d=0
000295 EV seq=25 t=795fe8ad6bb18c type=episode_stabilising f=26 ep=00000001 a=1 b=25 c=00000003 d=0
000296 EV seq=26 t=795fe8ad6bb18c type=episode_stable f=26 ep=00000001 a=1 b=25 c=00000003 d=2131754768
000297 EV seq=27 t=795fe8ad6bb18c type=episode_close f=26 ep=00000000 a=1 b=25 c=00000012 d=1
000298 EV seq=28 t=795fe8ad9f6dd2 type=episode_open f=31 ep=00000002 a=2 b=30 c=7f0fff10 d=2131754768
000299 EV seq=29 t=795fe8ada9c656 type=resync f=31 ep=00000002 a=31 b=34 c=00000001 d=2
000300 EV seq=30 t=795fe8ada9c656 type=incomplete_interval f=32 ep=00000002 a=31 b=34 c=00000002 d=1
000301 EV seq=31 t=795fe8adbe8252 type=episode_stabilising f=34 ep=00000002 a=2 b=33 c=00000001 d=2131754768
000302 EV seq=32 t=795fe8adc8d0b1 type=resync f=34 ep=00000002 a=34 b=38 c=00000001 d=2
000303 EV seq=33 t=795fe8adc8d0b1 type=incomplete_interval f=35 ep=00000002 a=34 b=38 c=00000002 d=1
000304 EV seq=34 t=795fe8addd825c type=episode_stabilising f=37 ep=00000002 a=2 b=36 c=00000001 d=2131754768
000305 EV seq=35 t=795fe8ade7daac type=resync f=37 ep=00000002 a=37 b=38 c=00000001 d=2
000306 EV seq=36 t=795fe8ade7daac type=incomplete_interval f=38 ep=00000002 a=37 b=38 c=00000002 d=1
000307 EV seq=37 t=795fe8adfc8cae type=episode_stabilising f=40 ep=00000002 a=2 b=39 c=00000001 d=2131754768
000308 EV seq=38 t=795fe8ae06ee00 type=episode_stabilising f=41 ep=00000002 a=2 b=40 c=00000001 d=1253036032
000309 EV seq=39 t=795fe8ae113def type=episode_stabilising f=42 ep=00000002 a=2 b=41 c=00000001 d=3570750027
000310 EV seq=40 t=795fe8ae1b997e type=episode_stabilising f=43 ep=00000002 a=2 b=42 c=00000001 d=2829788897
000311 EV seq=41 t=795fe8ae25ef81 type=episode_stabilising f=44 ep=00000002 a=2 b=43 c=00000001 d=3061132835
000312 EV seq=42 t=795fe8ae304801 type=episode_stabilising f=45 ep=00000002 a=2 b=44 c=00000001 d=3852036073
000313 EV seq=43 t=795fe8ae3aab3a type=episode_stabilising f=46 ep=00000002 a=2 b=45 c=00000001 d=2404061003
000314 EV seq=44 t=795fe8ae44f9fc type=episode_stabilising f=47 ep=00000002 a=2 b=46 c=00000001 d=4069487247
000315 EV seq=45 t=795fe8ae4f595c type=episode_stabilising f=48 ep=00000002 a=2 b=47 c=00000001 d=170298694
000316 EV seq=46 t=795fe8ae59ab4b type=episode_stabilising f=49 ep=00000002 a=2 b=48 c=00000001 d=390499636
000317 EV seq=47 t=795fe8ae6404dc type=episode_stabilising f=50 ep=00000002 a=2 b=49 c=00000001 d=971620834
000318 EV seq=48 t=795fe8ae6e5cd3 type=episode_stabilising f=51 ep=00000002 a=2 b=50 c=00000001 d=4276977389
000319 EV seq=49 t=795fe8ae78b5d9 type=episode_stabilising f=52 ep=00000002 a=2 b=51 c=00000001 d=71662270
000320 EV seq=50 t=795fe8ae831961 type=episode_stabilising f=53 ep=00000002 a=2 b=52 c=00000001 d=3520480762
000321 EV seq=51 t=795fe8ae8d6714 type=episode_stabilising f=54 ep=00000002 a=2 b=53 c=00000001 d=3713292155
000322 EV seq=52 t=795fe8ae97c4de type=episode_stabilising f=55 ep=00000002 a=2 b=54 c=00000001 d=398038970
000323 EV seq=53 t=795fe8aea218aa type=episode_stabilising f=56 ep=00000002 a=2 b=55 c=00000001 d=2763072689
000324 EV seq=54 t=795fe8aeac7165 type=episode_stabilising f=57 ep=00000002 a=2 b=56 c=00000001 d=3362734873
000325 EV seq=55 t=795fe8aeb6ca56 type=episode_stabilising f=58 ep=00000002 a=2 b=57 c=00000001 d=2533434077
000326 EV seq=56 t=795fe8aec1231d type=episode_stabilising f=59 ep=00000002 a=2 b=58 c=00000001 d=2809210066
000327 EV seq=57 t=795fe8aecb851b type=episode_stabilising f=60 ep=00000002 a=2 b=59 c=00000001 d=4158226385
000328 EV seq=58 t=795fe8aed5d46d type=episode_stabilising f=61 ep=00000002 a=2 b=60 c=00000001 d=2101280063
000329 EV seq=59 t=795fe8aee0308d type=episode_stabilising f=62 ep=00000002 a=2 b=61 c=00000001 d=4150884201
000330 EV seq=60 t=795fe8aeea85f2 type=episode_stabilising f=63 ep=00000002 a=2 b=62 c=00000001 d=3726596651
000331 EV seq=61 t=795fe8aef4dec5 type=episode_stabilising f=64 ep=00000002 a=2 b=63 c=00000001 d=3781779817
000332 EV seq=62 t=795fe8aeff41b3 type=episode_stabilising f=65 ep=00000002 a=2 b=64 c=00000001 d=863746274
000333 EV seq=63 t=795fe8af099077 type=episode_stabilising f=66 ep=00000002 a=2 b=65 c=00000001 d=3277800287
000334 EV seq=64 t=795fe8af13f063 type=episode_stabilising f=67 ep=00000002 a=2 b=66 c=00000001 d=271291670
000335 EV seq=65 t=795fe8af1e41be type=episode_stabilising f=68 ep=00000002 a=2 b=67 c=00000001 d=84117752
000336 EV seq=66 t=795fe8af289bf2 type=episode_stabilising f=69 ep=00000002 a=2 b=68 c=00000001 d=261655097
000337 EV seq=67 t=795fe8af32f34b type=episode_stabilising f=70 ep=00000002 a=2 b=69 c=00000001 d=1424479464
000338 EV seq=68 t=795fe8af3d4bc4 type=episode_stabilising f=71 ep=00000002 a=2 b=70 c=00000001 d=4246699295
000339 EV seq=69 t=795fe8af47ae24 type=episode_stabilising f=72 ep=00000002 a=2 b=71 c=00000001 d=4280778535
000340 EV seq=70 t=795fe8af51fdd0 type=episode_stabilising f=73 ep=00000002 a=2 b=72 c=00000001 d=3510129185
000341 EV seq=71 t=795fe8af5c5bea type=episode_stabilising f=74 ep=00000002 a=2 b=73 c=00000001 d=3314506902
000342 EV seq=72 t=795fe8af66af21 type=episode_stabilising f=75 ep=00000002 a=2 b=74 c=00000001 d=346264740
000343 EV seq=73 t=795fe8af710776 type=episode_stabilising f=76 ep=00000002 a=2 b=75 c=00000001 d=2754421805
000344 EV seq=74 t=795fe8af7b60c8 type=episode_stabilising f=77 ep=00000002 a=2 b=76 c=00000001 d=508796500
000345 EV seq=75 t=795fe8af85b999 type=episode_stabilising f=78 ep=00000002 a=2 b=77 c=00000001 d=1538250098
000346 EV seq=76 t=795fe8af901c29 type=episode_stabilising f=79 ep=00000002 a=2 b=78 c=00000001 d=1586552465
000347 EV seq=77 t=795fe8af9a6afd type=episode_stabilising f=80 ep=00000002 a=2 b=79 c=00000001 d=2131754768
000348 EV seq=78 t=795fe8afa4c788 type=episode_stabilising f=81 ep=00000002 a=2 b=80 c=00000001 d=2131754768
000349 EV seq=79 t=795fe8afaf1c6a type=episode_stabilising f=82 ep=00000002 a=2 b=81 c=00000001 d=2131754768
000350 EV seq=80 t=795fe8afb97530 type=episode_stabilising f=83 ep=00000002 a=2 b=82 c=00000001 d=2131754768
000351 EV seq=81 t=795fe8afc3cdf5 type=episode_stabilising f=84 ep=00000002 a=2 b=83 c=00000001 d=2131754768
000352 EV seq=82 t=795fe8afce26ec type=episode_stabilising f=85 ep=00000002 a=2 b=84 c=00000001 d=2131754768
000353 EV seq=83 t=795fe8afd88772 type=episode_stabilising f=86 ep=00000002 a=2 b=85 c=00000001 d=2131754768
000354 EV seq=84 t=795fe8afe2d837 type=episode_stabilising f=87 ep=00000002 a=2 b=86 c=00000001 d=2131754768
000355 EV seq=85 t=795fe8afed3302 type=episode_stabilising f=88 ep=00000002 a=2 b=87 c=00000001 d=2131754768
000356 EV seq=86 t=795fe8aff789c1 type=episode_stabilising f=89 ep=00000002 a=2 b=88 c=00000001 d=2131754768
000357 EV seq=87 t=795fe8b001e23f type=episode_stabilising f=90 ep=00000002 a=2 b=89 c=00000001 d=2131754768
000358 EV seq=88 t=795fe8b001e23f type=episode_close f=90 ep=00000000 a=2 b=89 c=0000003c d=0
000359 EV seq=89 t=795fe8b00c452f type=episode_open f=91 ep=00000003 a=3 b=90 c=7f0fff10 d=2131754768
000360 EV seq=90 t=795fe8b016944e type=resync f=91 ep=00000003 a=91 b=34 c=00000001 d=2
000361 EV seq=91 t=795fe8b016944e type=incomplete_interval f=92 ep=00000003 a=91 b=34 c=00000002 d=1
000362 EV seq=92 t=795fe8b02b45ab type=episode_stabilising f=94 ep=00000003 a=3 b=93 c=00000001 d=2131754768
000363 EV seq=93 t=795fe8b0359e8e type=resync f=94 ep=00000003 a=94 b=38 c=00000001 d=2
000364 EV seq=94 t=795fe8b0359e8e type=incomplete_interval f=95 ep=00000003 a=94 b=38 c=00000002 d=1
000365 EV seq=95 t=795fe8b04a500e type=episode_stabilising f=97 ep=00000003 a=3 b=96 c=00000001 d=2131754768
000366 EV seq=96 t=795fe8b054b31b type=resync f=97 ep=00000003 a=97 b=38 c=00000001 d=2
000367 EV seq=97 t=795fe8b054b31b type=incomplete_interval f=98 ep=00000003 a=97 b=38 c=00000002 d=1
000368 EV seq=98 t=795fe8b0695eae type=episode_stabilising f=100 ep=00000003 a=3 b=99 c=00000001 d=2131754768
000369 EV seq=99 t=795fe8b073b2e6 type=episode_stabilising f=101 ep=00000003 a=3 b=100 c=00000001 d=2131754768
000370 EV seq=100 t=795fe8b07e0baf type=episode_stabilising f=102 ep=00000003 a=3 b=101 c=00000001 d=2131754768
000371 EV seq=101 t=795fe8b088646e type=episode_stabilising f=103 ep=00000003 a=3 b=102 c=00000001 d=2131754768
000372 EV seq=102 t=795fe8b092bd66 type=episode_stabilising f=104 ep=00000003 a=3 b=103 c=00000001 d=2131754768
000373 EV seq=103 t=795fe8b09d1e83 type=episode_stabilising f=105 ep=00000003 a=3 b=104 c=00000001 d=2131754768
000374 EV seq=104 t=795fe8b0a76ead type=episode_stabilising f=106 ep=00000003 a=3 b=105 c=00000001 d=2131754768
000375 EV seq=105 t=795fe8b0b1ca1f type=episode_stabilising f=107 ep=00000003 a=3 b=106 c=00000001 d=2131754768
000376 EV seq=106 t=795fe8b0bc2037 type=episode_stabilising f=108 ep=00000003 a=3 b=107 c=00000001 d=2131754768
000377 EV seq=107 t=795fe8b0c678b8 type=episode_stabilising f=109 ep=00000003 a=3 b=108 c=00000001 d=2131754768
000378 EV seq=108 t=795fe8b0d0dbf1 type=episode_stabilising f=110 ep=00000003 a=3 b=109 c=00000001 d=2131754768
000379 EV seq=109 t=795fe8b0db2ab9 type=episode_stabilising f=111 ep=00000003 a=3 b=110 c=00000001 d=2131754768
000380 EV seq=110 t=795fe8b0e58a10 type=episode_stabilising f=112 ep=00000003 a=3 b=111 c=00000001 d=2131754768
000381 EV seq=111 t=795fe8b0efdbfd type=episode_stabilising f=113 ep=00000003 a=3 b=112 c=00000001 d=2131754768
000382 EV seq=112 t=795fe8b0fa358c type=episode_stabilising f=114 ep=00000003 a=3 b=113 c=00000001 d=2131754768
000383 EV seq=113 t=795fe8b1048d95 type=episode_stabilising f=115 ep=00000003 a=3 b=114 c=00000001 d=2131754768
000384 EV seq=114 t=795fe8b10ee687 type=episode_stabilising f=116 ep=00000003 a=3 b=115 c=00000001 d=2131754768
000385 EV seq=115 t=795fe8b1194a18 type=episode_stabilising f=117 ep=00000003 a=3 b=116 c=00000001 d=2131754768
000386 EV seq=116 t=795fe8b12397d2 type=episode_stabilising f=118 ep=00000003 a=3 b=117 c=00000001 d=2131754768
000387 EV seq=117 t=795fe8b12df5aa type=episode_stabilising f=119 ep=00000003 a=3 b=118 c=00000001 d=2131754768
000388 EV seq=118 t=795fe8b138497a type=episode_stabilising f=120 ep=00000003 a=3 b=119 c=00000001 d=2131754768
000389 EV seq=119 t=795fe8b142a6ea type=episode_stabilising f=121 ep=00000003 a=3 b=120 c=00000001 d=2131754768
000390 EV seq=120 t=795fe8b14cfaf2 type=episode_stabilising f=122 ep=00000003 a=3 b=121 c=00000001 d=2131754768
000391 EV seq=121 t=795fe8b15753d7 type=episode_stabilising f=123 ep=00000003 a=3 b=122 c=00000001 d=2131754768
000392 EV seq=122 t=795fe8b161bb4b type=episode_stabilising f=124 ep=00000003 a=3 b=123 c=00000001 d=2131754768
000393 EV seq=123 t=795fe8b16c0540 type=episode_stabilising f=125 ep=00000003 a=3 b=124 c=00000001 d=2131754768
000394 EV seq=124 t=795fe8b17666f7 type=episode_stabilising f=126 ep=00000003 a=3 b=125 c=00000001 d=2131754768
000395 EV seq=125 t=795fe8b180b6cb type=episode_stabilising f=127 ep=00000003 a=3 b=126 c=00000001 d=2131754768
000396 EV seq=126 t=795fe8b18b11f8 type=episode_stabilising f=128 ep=00000003 a=3 b=127 c=00000001 d=2131754768
000397 EV seq=127 t=795fe8b1957793 type=episode_stabilising f=129 ep=00000003 a=3 b=128 c=00000001 d=2131754768
000398 EV seq=128 t=795fe8b19fc186 type=episode_stabilising f=130 ep=00000003 a=3 b=129 c=00000001 d=2131754768
000399 EVGAP omitted=228 (all of them are in the sidecar)
000400 EV seq=357 t=795fe8fcc2564f type=incomplete_interval f=1989 ep=00000000 a=1988 b=39 c=00000002 d=1
000401 EV seq=358 t=795fe8fd5d96f8 type=resync f=2003 ep=00000000 a=2003 b=39 c=00000001 d=2
000402 EV seq=359 t=795fe8fd5d96f8 type=incomplete_interval f=2004 ep=00000000 a=2003 b=39 c=00000002 d=1
000403 EV seq=360 t=795fe8fd9b98ff type=resync f=2009 ep=00000000 a=2009 b=39 c=00000001 d=2
000404 EV seq=361 t=795fe8fd9b98ff type=incomplete_interval f=2010 ep=00000000 a=2009 b=39 c=00000002 d=1
000405 EV seq=362 t=795fe8fde409fb type=resync f=2016 ep=00000000 a=2016 b=39 c=00000001 d=2
000406 EV seq=363 t=795fe8fde409fb type=incomplete_interval f=2017 ep=00000000 a=2016 b=39 c=00000002 d=1
000407 EV seq=364 t=795fe8fe221a16 type=resync f=2022 ep=00000000 a=2022 b=39 c=00000001 d=2
000408 EV seq=365 t=795fe8fe221a16 type=incomplete_interval f=2023 ep=00000000 a=2022 b=39 c=00000002 d=1
000409 EV seq=366 t=795fe8ff05ba76 type=resync f=2044 ep=00000000 a=2044 b=39 c=00000001 d=2
000410 EV seq=367 t=795fe8ff05ba76 type=incomplete_interval f=2045 ep=00000000 a=2044 b=39 c=00000002 d=1
000411 EV seq=368 t=795fe8ff2f2ca8 type=resync f=2048 ep=00000000 a=2048 b=39 c=00000001 d=2
000412 EV seq=369 t=795fe8ff2f2ca8 type=incomplete_interval f=2049 ep=00000000 a=2048 b=39 c=00000002 d=1
000413 EV seq=370 t=795fe90050dead type=resync f=2076 ep=00000000 a=2076 b=39 c=00000001 d=2
000414 EV seq=371 t=795fe90050dead type=incomplete_interval f=2077 ep=00000000 a=2076 b=39 c=00000002 d=1
000415 EV seq=372 t=795fe900adf56f type=resync f=2085 ep=00000000 a=2085 b=39 c=00000001 d=2
000416 EV seq=373 t=795fe900adf56f type=incomplete_interval f=2086 ep=00000000 a=2085 b=39 c=00000002 d=1
000417 EV seq=374 t=795fe900ec0695 type=resync f=2091 ep=00000000 a=2091 b=39 c=00000001 d=2
000418 EV seq=375 t=795fe900ec0695 type=incomplete_interval f=2092 ep=00000000 a=2091 b=39 c=00000002 d=1
000419 EV seq=376 t=795fe901728cbc type=resync f=2104 ep=00000000 a=2104 b=39 c=00000001 d=2
000420 EV seq=377 t=795fe901728cbc type=incomplete_interval f=2105 ep=00000000 a=2104 b=39 c=00000002 d=1
000421 EV seq=378 t=795fe903633cea type=resync f=2152 ep=00000000 a=2152 b=39 c=00000001 d=2
000422 EV seq=379 t=795fe903633cea type=incomplete_interval f=2153 ep=00000000 a=2152 b=39 c=00000002 d=1
000423 EV seq=380 t=795fe903fe5fec type=resync f=2167 ep=00000000 a=2167 b=39 c=00000001 d=2
000424 EV seq=381 t=795fe903fe5fec type=incomplete_interval f=2168 ep=00000000 a=2167 b=39 c=00000002 d=1
000425 EV seq=382 t=795fe90484ecbb type=resync f=2180 ep=00000000 a=2180 b=39 c=00000001 d=2
000426 EV seq=383 t=795fe90484ecbb type=incomplete_interval f=2181 ep=00000000 a=2180 b=39 c=00000002 d=1
000427 EV seq=384 t=795fe905498013 type=resync f=2199 ep=00000000 a=2199 b=39 c=00000001 d=2
000428 EV seq=385 t=795fe905498013 type=incomplete_interval f=2200 ep=00000000 a=2199 b=39 c=00000002 d=1
000429 EV seq=386 t=795fe90d693132 type=resync f=2400 ep=00000000 a=2400 b=39 c=00000001 d=2
000430 EV seq=387 t=795fe90d693132 type=incomplete_interval f=2401 ep=00000000 a=2400 b=39 c=00000002 d=1
000431 EV seq=388 t=795fe90e8ae309 type=resync f=2428 ep=00000000 a=2428 b=39 c=00000001 d=2
000432 EV seq=389 t=795fe90e8ae309 type=incomplete_interval f=2429 ep=00000000 a=2428 b=39 c=00000002 d=1
000433 EV seq=390 t=795fe9192c0e56 type=resync f=2691 ep=00000000 a=2691 b=39 c=00000001 d=2
000434 EV seq=391 t=795fe9192c0e56 type=incomplete_interval f=2692 ep=00000000 a=2691 b=39 c=00000002 d=1
000435 EV seq=392 t=795fe919b29c22 type=resync f=2704 ep=00000000 a=2704 b=39 c=00000001 d=2
000436 EV seq=393 t=795fe919b29c22 type=incomplete_interval f=2705 ep=00000000 a=2704 b=39 c=00000002 d=1
000437 EV seq=394 t=795fe91a4dbab5 type=resync f=2719 ep=00000000 a=2719 b=39 c=00000001 d=2
000438 EV seq=395 t=795fe91a4dbab5 type=incomplete_interval f=2720 ep=00000000 a=2719 b=39 c=00000002 d=1
000439 EV seq=396 t=795fe91f467897 type=resync f=2842 ep=00000000 a=2842 b=39 c=00000001 d=2
000440 EV seq=397 t=795fe91f467897 type=incomplete_interval f=2843 ep=00000000 a=2842 b=39 c=00000002 d=1
000441 EV seq=398 t=795fe920eea396 type=resync f=2883 ep=00000000 a=2883 b=39 c=00000001 d=2
000442 EV seq=399 t=795fe920eea396 type=incomplete_interval f=2884 ep=00000000 a=2883 b=39 c=00000002 d=1
000443 EV seq=400 t=795fe923b88fef type=resync f=2952 ep=00000000 a=2952 b=39 c=00000001 d=2
000444 EV seq=401 t=795fe923b88fef type=incomplete_interval f=2953 ep=00000000 a=2952 b=39 c=00000002 d=1
000445 EV seq=402 t=795fe924587882 type=resync f=2967 ep=00000000 a=2967 b=48 c=00000000 d=3
000446 EV seq=403 t=795fe924587882 type=incomplete_interval f=2968 ep=00000000 a=2967 b=48 c=00000003 d=0
000447 EV seq=404 t=795fe92d3807c1 type=resync f=3186 ep=00000000 a=3186 b=39 c=00000001 d=2
000448 EV seq=405 t=795fe92d3807c1 type=incomplete_interval f=3187 ep=00000000 a=3186 b=39 c=00000002 d=1
000449 EV seq=406 t=795fe932455e7b type=resync f=3311 ep=00000000 a=3311 b=39 c=00000001 d=2
000450 EV seq=407 t=795fe932455e7b type=incomplete_interval f=3312 ep=00000000 a=3311 b=39 c=00000002 d=1
000451 EV seq=408 t=795fe947730d0f type=resync f=3835 ep=00000000 a=3835 b=39 c=00000001 d=2
000452 EV seq=409 t=795fe947730d0f type=incomplete_interval f=3836 ep=00000000 a=3835 b=39 c=00000002 d=1
000453 EV seq=410 t=795fe949a1c5eb type=resync f=3889 ep=00000000 a=3889 b=39 c=00000001 d=2
000454 EV seq=411 t=795fe949a1c5eb type=incomplete_interval f=3890 ep=00000000 a=3889 b=39 c=00000002 d=1
000455 EV seq=412 t=795fe94c6bb382 type=resync f=3958 ep=00000000 a=3958 b=39 c=00000001 d=2
000456 EV seq=413 t=795fe94c6bb382 type=incomplete_interval f=3959 ep=00000000 a=3958 b=39 c=00000002 d=1
000457 EV seq=414 t=795fe94f35a267 type=resync f=4027 ep=00000000 a=4027 b=39 c=00000001 d=2
000458 EV seq=415 t=795fe94f35a267 type=incomplete_interval f=4028 ep=00000000 a=4027 b=39 c=00000002 d=1
000459 EV seq=416 t=795fe95057558d type=resync f=4055 ep=00000000 a=4055 b=39 c=00000001 d=2
000460 EV seq=417 t=795fe95057558d type=incomplete_interval f=4056 ep=00000000 a=4055 b=39 c=00000002 d=1
000461 EV seq=418 t=795fe9577b6095 type=stop f=4232 ep=00000000 a=13 b=440788 c=00001088 d=12
000462 EV seq=419 t=795fe9577b6467 type=teardown_begin f=4232 ep=00000000 a=440788 b=13 c=00000000 d=0
000463 EV seq=420 t=795fe9577ba854 type=teardown_end f=4232 ep=00000000 a=1 b=1 c=00000000 d=0
000464 EVENTS n=420 shown=192 dropped=0 store_full=0 seq_last=420
000465 READDISAGREE i=0 cycle=13816 read=READ class=source_serviced t=795fe8b1b036f5 disc=0500 gbi=0400 delta=0100 dx=0100 mx=0000 auth=0400 ack=8400 svc=0400 flags=01d1
000466 READDISAGREERAW i=0 raw=0504000004040400040404000404040004040400050505000505050005050500
000467 READDISAGREEPI i=0 intsr=00012000/00010000 intmr=00002ffa ctl=8e frame=131 blk=16 lat=43 xfer=31/8 dspcr=0814/0814
000468 READDISAGREEFU i=0 fu=source_present_next reason=- t_ack=795fe8b1b0483d t_rearm=795fe8b1b04850 t_next=795fe8b1b048ae next=0100/0100 gapmin=6842 gapn=5215 pay=0000/00000000/00000000
000469 READDISAGREE i=1 cycle=15004 read=READ class=source_serviced t=795fe8b224636f disc=0500 gbi=0400 delta=0100 dx=0100 mx=0000 auth=0400 ack=8400 svc=0400 flags=01d1
000470 READDISAGREERAW i=1 raw=0504000004040400040404000404040004040400040401000404040005050500
000471 READDISAGREEPI i=1 intsr=00012000/00010000 intmr=00002ffa ctl=8e frame=142 blk=29 lat=43 xfer=38/10 dspcr=0814/0814
000472 READDISAGREEFU i=1 fu=source_present_next reason=- t_ack=795fe8b2247489 t_rearm=795fe8b22474a1 t_next=795fe8b22474ff next=0100/0100 gapmin=6842 gapn=5668 pay=0000/00000000/00000000
000473 READDISAGREE i=2 cycle=16516 read=READ class=source_serviced t=795fe8b2bb6a13 disc=0500 gbi=0400 delta=0100 dx=0100 mx=0000 auth=0400 ack=8400 svc=0400 flags=01d1
000474 READDISAGREERAW i=2 raw=0504000004040400040404000404040004040400040404000404040005050500
000475 READDISAGREEPI i=2 intsr=00012000/00010000 intmr=00002ffa ctl=8e frame=157 blk=4 lat=39 xfer=35/9 dspcr=0814/0814
000476 READDISAGREEFU i=2 fu=source_present_next reason=- t_ack=795fe8b2bb7b31 t_rearm=795fe8b2bb7b43 t_next=795fe8b2bb7ba5 next=0100/0100 gapmin=6842 gapn=6234 pay=0000/00000000/00000000
000477 READDISAGREE i=3 cycle=41278 read=READ class=source_serviced t=795fe8bc2bd3fc disc=0500 gbi=0400 delta=0100 dx=0100 mx=0000 auth=0400 ack=8400 svc=0400 flags=01d1
000478 READDISAGREERAW i=3 raw=0504000004040400040404000404040004040400040404000404040005050100
000479 READDISAGREEPI i=3 intsr=00012000/00010000 intmr=00002ffa ctl=8e frame=390 blk=37 lat=44 xfer=37/10 dspcr=0814/0814
000480 READDISAGREEFU i=3 fu=source_present_next reason=- t_ack=795fe8bc2be580 t_rearm=795fe8bc2be599 t_next=795fe8bc2be601 next=0100/0100 gapmin=6842 gapn=15585 pay=0000/00000000/00000000
000481 READDISAGREE i=4 cycle=45895 read=READ class=source_serviced t=795fe8bdf0e7d1 disc=0500 gbi=0400 delta=0100 dx=0100 mx=0000 auth=0400 ack=8400 svc=0400 flags=01d1
000482 READDISAGREERAW i=4 raw=0504000004040400040404000404040004040400040404000404040005050500
000483 READDISAGREEPI i=4 intsr=00012000/00010000 intmr=00002ffa ctl=8e frame=434 blk=25 lat=41 xfer=35/9 dspcr=0814/0814
000484 READDISAGREEFU i=4 fu=source_present_next reason=- t_ack=795fe8bdf0f947 t_rearm=795fe8bdf0f95c t_next=795fe8bdf0f9cd next=0100/0100 gapmin=6842 gapn=17333 pay=0000/00000000/00000000
000485 READDISAGREE i=5 cycle=47657 read=READ class=source_serviced t=795fe8be9f2a8a disc=0500 gbi=0400 delta=0100 dx=0100 mx=0000 auth=0400 ack=8400 svc=0400 flags=01d1
000486 READDISAGREERAW i=5 raw=0504000004040400040404000404040004040400040404000505050005050500
000487 READDISAGREEPI i=5 intsr=00012000/00010000 intmr=00002ffa ctl=8e frame=451 blk=16 lat=47 xfer=34/9 dspcr=0814/0814
000488 READDISAGREEFU i=5 fu=source_present_next reason=- t_ack=795fe8be9f3c05 t_rearm=795fe8be9f3c14 t_next=795fe8be9f3c78 next=0100/0100 gapmin=6842 gapn=18004 pay=0000/00000000/00000000
000489 READDISAGREE i=6 cycle=49404 read=READ class=source_serviced t=795fe8bf4d6d45 disc=0500 gbi=0400 delta=0100 dx=0100 mx=0000 auth=0400 ack=8400 svc=0400 flags=01d1
000490 READDISAGREERAW i=6 raw=0504000004040400040404000404040004040400040404000505050005050500
000491 READDISAGREEPI i=6 intsr=00012000/00010000 intmr=00002ffa ctl=8e frame=468 blk=7 lat=44 xfer=34/9 dspcr=0814/0814
000492 READDISAGREEFU i=6 fu=source_present_next reason=- t_ack=795fe8bf4d7eb3 t_rearm=795fe8bf4d7ec5 t_next=795fe8bf4d7f29 next=0100/0100 gapmin=6842 gapn=18675 pay=0000/00000000/00000000
000493 READDISAGREE i=7 cycle=49874 read=READ class=source_serviced t=795fe8bf7be56e disc=0500 gbi=0400 delta=0100 dx=0100 mx=0000 auth=0400 ack=8400 svc=0400 flags=01d1
000494 READDISAGREERAW i=7 raw=0504040004040400040404000404040004040400040404000404040005050400
000495 READDISAGREEPI i=7 intsr=00012000/00010000 intmr=00002ffa ctl=8e frame=472 blk=35 lat=40 xfer=35/9 dspcr=0814/0814
000496 READDISAGREEFU i=7 fu=source_present_next reason=- t_ack=795fe8bf7bf6f4 t_rearm=795fe8bf7bf707 t_next=795fe8bf7bf769 next=0100/0100 gapmin=6842 gapn=18863 pay=0000/00000000/00000000
000497 READDISAGREEMORE preserved=205 shown=8 (the sidecar carries every record)
000498 SEMANTIC total=205 serviced=205 other=0 non_source=0 disc_extra=205 maj_extra=0 both=0 mx_video=0 mx_audio=0 quarantined=0 deferred=133
000499 SEMANTIC2 preserved=205 not_preserved=0 capped=0 fu_present=205 fu_absent=0 fu_no_next=0 fu_unknown=0 observational=0 service_sel=205 payloads=0 incomplete=0
000500 SEMGAP src=0100 n=169220 min=6842 max=221458 last=10142
000501 SEMGAP src=0400 n=288619 min=4759 max=91925 last=10269
000502 CYCF i=0 n=0 f=0 blk=0 pend=0500 ack=8500 a=1/1 v=1/1 w1c=0 isr=1/0 next=1 lat=80 aw=2472 vw=2319 sig=809
000503 CYCFT i=0 cause=795fe8ac625dd7 unmask=795fe8ac627fa1 entry=795fe8ac627fa1 read=795fe8ac628fbc ack=795fe8ac62d9b0 rearm=795fe8ac62ddfa next=795fe8ac62e297 pi=00012000/00010000/00010000/00012000 rc=00000000
000504 CYCF i=1 n=1 f=0 blk=1 pend=0500 ack=8500 a=1/1 v=1/1 w1c=0 isr=1/0 next=1 lat=68 aw=2475 vw=2319 sig=779
000505 CYCFT i=1 cause=795fe8ac62e297 unmask=795fe8ac630432 entry=795fe8ac630432 read=795fe8ac63135d ack=795fe8ac635a58 rearm=795fe8ac635dc2 next=795fe8ac6361fe pi=00012000/00010000/00010000/00012000 rc=00000000
000506 CYCF i=2 n=2 f=0 blk=2 pend=0500 ack=8500 a=1/1 v=1/1 w1c=0 isr=1/0 next=1 lat=48 aw=2475 vw=2322 sig=779
000507 CYCFT i=2 cause=795fe8ac6361fe unmask=795fe8ac63823d entry=795fe8ac63823d read=795fe8ac639146 ack=795fe8ac63d88b rearm=795fe8ac63dbe9 next=795fe8ac63e025 pi=00012000/00010000/00010000/00012000 rc=00000000
000508 CYCF i=3 n=3 f=0 blk=3 pend=0500 ack=8500 a=1/1 v=1/1 w1c=0 isr=1/0 next=1 lat=42 aw=2475 vw=2319 sig=778
000509 CYCFT i=3 cause=795fe8ac63e025 unmask=795fe8ac640045 entry=795fe8ac640045 read=795fe8ac640f50 ack=795fe8ac645655 rearm=795fe8ac6459b4 next=795fe8ac645df0 pi=00012000/00010000/00010000/00012000 rc=00000000
000510 CYCF i=4 n=4 f=0 blk=4 pend=0500 ack=8500 a=1/1 v=1/1 w1c=0 isr=1/0 next=1 lat=46 aw=2472 vw=2319 sig=778
000511 CYCFT i=4 cause=795fe8ac645df0 unmask=795fe8ac645f7f entry=795fe8ac645f7f read=795fe8ac645fd2 ack=795fe8ac64745a rearm=795fe8ac6477a6 next=795fe8ac649874 pi=00012000/00010000/00010000/00012000 rc=00000000
000512 CYCF i=5 n=5 f=0 blk=5 pend=0400 ack=8400 a=1/1 v=0/0 w1c=0 isr=1/0 next=1 lat=53 aw=2475 vw=0 sig=0
000513 CYCFT i=5 cause=795fe8ac649874 unmask=795fe8ac649a13 entry=795fe8ac649a13 read=795fe8ac649a64 ack=795fe8ac64a5f9 rearm=795fe8ac64a609 next=795fe8ac64a660 pi=00012000/00010000/00010000/00012000 rc=00000000
000514 CYCF i=6 n=6 f=0 blk=5 pend=0100 ack=8100 a=0/0 v=1/1 w1c=0 isr=1/0 next=1 lat=36 aw=0 vw=2319 sig=780
000515 CYCFT i=6 cause=795fe8ac64a660 unmask=795fe8ac64a7b6 entry=795fe8ac64a7b6 read=795fe8ac64a7fc ack=795fe8ac64b20a rearm=795fe8ac64b563 next=795fe8ac64bf15 pi=00012000/00010000/00010000/00012000 rc=00000000
000516 CYCF i=7 n=7 f=0 blk=6 pend=0400 ack=8400 a=1/1 v=0/0 w1c=0 isr=1/0 next=1 lat=41 aw=2471 vw=0 sig=0
000517 CYCFT i=7 cause=795fe8ac64bf15 unmask=795fe8ac64c084 entry=795fe8ac64c084 read=795fe8ac64c0c6 ack=795fe8ac64cb8e rearm=795fe8ac64cb9b next=795fe8ac64cbef pi=00012000/00010000/00010000/00012000 rc=00000000
000518 CYCL i=0 n=440784 f=4232 blk=19 pend=0100 ack=8100 a=0/0 v=1/1 w1c=0 isr=1/0 next=1 lat=36 aw=0 vw=2318 sig=894
000519 CYCLT i=0 cause=795fe9577b0fd9 unmask=795fe9577b1109 entry=795fe9577b1109 read=795fe9577b114e ack=795fe9577b1b59 rearm=795fe9577b1f17 next=795fe9577b24f2 pi=00012000/00010000/00010000/00012000 rc=00000000
000520 CYCL i=1 n=440785 f=4232 blk=20 pend=0400 ack=8400 a=1/1 v=0/0 w1c=0 isr=1/0 next=1 lat=41 aw=2472 vw=0 sig=0
000521 CYCLT i=1 cause=795fe9577b24f2 unmask=795fe9577b262c entry=795fe9577b262c read=795fe9577b2672 ack=795fe9577b3716 rearm=795fe9577b3723 next=795fe9577b3777 pi=00012000/00010000/00010000/00012000 rc=00000000
000522 CYCL i=2 n=440786 f=4232 blk=20 pend=0100 ack=8100 a=0/0 v=1/1 w1c=0 isr=1/0 next=1 lat=36 aw=0 vw=2322 sig=893
000523 CYCLT i=2 cause=795fe9577b3777 unmask=795fe9577b38d4 entry=795fe9577b38d4 read=795fe9577b3919 ack=795fe9577b432c rearm=795fe9577b46e7 next=795fe9577b4d0f pi=00012000/00010000/00010000/00012000 rc=00000000
000524 CYCL i=3 n=440787 f=4232 blk=21 pend=0400 ack=8400 a=1/1 v=0/0 w1c=0 isr=1/0 next=1 lat=40 aw=2475 vw=0 sig=0
000525 CYCLT i=3 cause=795fe9577b4d0f unmask=795fe9577b4e49 entry=795fe9577b4e49 read=795fe9577b4e8f ack=795fe9577b5a02 rearm=795fe9577b5a0f next=795fe9577b603f pi=00012000/00010000/00010000/00012000 rc=00000000
000526 CYCL i=4 n=440780 f=4232 blk=18 pend=0400 ack=8400 a=1/1 v=0/0 w1c=0 isr=1/0 next=1 lat=35 aw=2474 vw=0 sig=0
000527 CYCLT i=4 cause=795fe9577ab5f6 unmask=795fe9577ab723 entry=795fe9577ab723 read=795fe9577ab765 ack=795fe9577ac7cb rearm=795fe9577ac7d8 next=795fe9577ad38e pi=00012000/00010000/00010000/00012000 rc=00000000
000528 CYCL i=5 n=440781 f=4232 blk=18 pend=0100 ack=8100 a=0/0 v=1/1 w1c=0 isr=1/0 next=1 lat=39 aw=0 vw=2319 sig=778
000529 CYCLT i=5 cause=795fe9577ad38e unmask=795fe9577ad4cd entry=795fe9577ad4cd read=795fe9577ad514 ack=795fe9577adfa5 rearm=795fe9577ae2ed next=795fe9577ae341 pi=00012000/00010000/00010000/00012000 rc=00000000
000530 CYCL i=6 n=440782 f=4232 blk=19 pend=0400 ack=8400 a=1/1 v=0/0 w1c=0 isr=1/0 next=1 lat=35 aw=2474 vw=0 sig=0
000531 CYCLT i=6 cause=795fe9577ae341 unmask=795fe9577ae46f entry=795fe9577ae46f read=795fe9577ae4b1 ack=795fe9577af513 rearm=795fe9577af520 next=795fe9577afd7e pi=00012000/00010000/00010000/00012000 rc=00000000
000532 CYCL i=7 n=440783 f=4232 blk=19 pend=0400 ack=8400 a=1/1 v=0/0 w1c=0 isr=1/0 next=1 lat=40 aw=2472 vw=0 sig=0
000533 CYCLT i=7 cause=795fe9577afd7e unmask=795fe9577afebc entry=795fe9577afebc read=795fe9577aff03 ack=795fe9577b0f76 rearm=795fe9577b0f83 next=795fe9577b0fd9 pi=00012000/00010000/00010000/00012000 rc=00000000
000534 CYCE i=0 n=927 f=8 blk=40 pend=0100 ack=8100 a=0/0 v=1/1 w1c=0 isr=1/0 next=1 lat=35 aw=0 vw=2322 sig=778
000535 CYCET i=0 cause=795fe8acbf04d0 unmask=795fe8acbf05fc entry=795fe8acbf05fc read=795fe8acbf0641 ack=795fe8acbf10a3 rearm=795fe8acc05e37 next=795fe8acc05ecd pi=00012000/00010000/00010000/00012000 rc=00000000
000536 CYCE i=1 n=928 f=9 blk=1 pend=0500 ack=8500 a=1/1 v=1/1 w1c=0 isr=1/0 next=1 lat=76 aw=2475 vw=2322 sig=778
000537 CYCET i=1 cause=795fe8acc05ecd unmask=795fe8acc060df entry=795fe8acc060df read=795fe8acc06121 ack=795fe8acc075ef rearm=795fe8acc0793b next=795fe8acc0798d pi=00012000/00010000/00010000/00012000 rc=00000000
000538 CYCE i=2 n=929 f=9 blk=2 pend=0500 ack=8500 a=1/1 v=1/1 w1c=0 isr=1/0 next=1 lat=35 aw=2472 vw=2318 sig=779
000539 CYCET i=2 cause=795fe8acc0798d unmask=795fe8acc07ae2 entry=795fe8acc07ae2 read=795fe8acc07b27 ack=795fe8acc08f5e rearm=795fe8acc0929c next=795fe8acc0a11b pi=00012000/00010000/00010000/00012000 rc=00000000
000540 CYCE i=3 n=930 f=9 blk=3 pend=0400 ack=8400 a=1/1 v=0/0 w1c=0 isr=1/0 next=1 lat=63 aw=2472 vw=0 sig=0
000541 CYCET i=3 cause=795fe8acc0a11b unmask=795fe8acc0a2d5 entry=795fe8acc0a2d5 read=795fe8acc0a31e ack=795fe8acc0aee7 rearm=795fe8acc0aefb next=795fe8acc0af4f pi=00012000/00010000/00010000/00012000 rc=00000000
000542 CYCE i=4 n=931 f=9 blk=3 pend=0100 ack=8100 a=0/0 v=1/1 w1c=0 isr=1/0 next=1 lat=35 aw=0 vw=2322 sig=778
000543 CYCET i=4 cause=795fe8acc0af4f unmask=795fe8acc0b0a2 entry=795fe8acc0b0a2 read=795fe8acc0b0e7 ack=795fe8acc0baf3 rearm=795fe8acc0be4e next=795fe8acc0c7b4 pi=00012000/00010000/00010000/00012000 rc=00000000
000544 CYCE i=5 n=932 f=9 blk=4 pend=0400 ack=8400 a=1/1 v=0/0 w1c=0 isr=1/0 next=1 lat=42 aw=2472 vw=0 sig=0
000545 CYCET i=5 cause=795fe8acc0c7b4 unmask=795fe8acc0c913 entry=795fe8acc0c913 read=795fe8acc0c955 ack=795fe8acc0d425 rearm=795fe8acc0d431 next=795fe8acc0d483 pi=00012000/00010000/00010000/00012000 rc=00000000
000546 CYCE i=6 n=933 f=9 blk=4 pend=0100 ack=8100 a=0/0 v=1/1 w1c=0 isr=1/0 next=1 lat=35 aw=0 vw=2315 sig=778
000547 CYCET i=6 cause=795fe8acc0d483 unmask=795fe8acc0d65b entry=795fe8acc0d65b read=795fe8acc0d6a4 ack=795fe8acc0e0a9 rearm=795fe8acc0e3ec next=795fe8acc0ee53 pi=00012000/00010000/00010000/00012000 rc=00000000
000548 CYCE i=7 n=934 f=9 blk=5 pend=0400 ack=8400 a=1/1 v=0/0 w1c=0 isr=1/0 next=1 lat=38 aw=2474 vw=0 sig=0
000549 CYCET i=7 cause=795fe8acc0ee53 unmask=795fe8acc0efad entry=795fe8acc0efad read=795fe8acc0efef ack=795fe8acc0faae rearm=795fe8acc0faba next=795fe8acc101d0 pi=00012000/00010000/00010000/00012000 rc=00000000
000550 CYCE i=8 n=935 f=9 blk=5 pend=0100 ack=8100 a=0/0 v=1/1 w1c=0 isr=1/0 next=1 lat=38 aw=0 vw=2322 sig=893
000551 CYCET i=8 cause=795fe8acc101d0 unmask=795fe8acc1032a entry=795fe8acc1032a read=795fe8acc1036c ack=795fe8acc10d81 rearm=795fe8acc11137 next=795fe8acc11842 pi=00012000/00010000/00010000/00012000 rc=00000000
000552 CYCE i=9 n=936 f=9 blk=6 pend=0400 ack=8400 a=1/1 v=0/0 w1c=0 isr=1/0 next=1 lat=42 aw=2469 vw=0 sig=0
000553 CYCET i=9 cause=795fe8acc11842 unmask=795fe8acc11993 entry=795fe8acc11993 read=795fe8acc119d8 ack=795fe8acc12579 rearm=795fe8acc12585 next=795fe8acc12fce pi=00012000/00010000/00010000/00012000 rc=00000000
000554 CYCE i=10 n=937 f=9 blk=6 pend=0100 ack=8100 a=0/0 v=1/1 w1c=0 isr=1/0 next=1 lat=39 aw=0 vw=2322 sig=778
000555 CYCET i=10 cause=795fe8acc12fce unmask=795fe8acc13123 entry=795fe8acc13123 read=795fe8acc1316c ack=795fe8acc13c31 rearm=795fe8acc13f79 next=795fe8acc13fcd pi=00012000/00010000/00010000/00012000 rc=00000000
000556 CYCE i=11 n=938 f=9 blk=7 pend=0400 ack=8400 a=1/1 v=0/0 w1c=0 isr=1/0 next=1 lat=35 aw=2475 vw=0 sig=0
000557 CYCET i=11 cause=795fe8acc13fcd unmask=795fe8acc14116 entry=795fe8acc14116 read=795fe8acc1415b ack=795fe8acc14c17 rearm=795fe8acc14c24 next=795fe8acc15e46 pi=00012000/00010000/00010000/00012000 rc=00000000
000558 CYCE i=12 n=939 f=9 blk=7 pend=0100 ack=8100 a=0/0 v=1/1 w1c=0 isr=1/0 next=1 lat=38 aw=0 vw=2322 sig=778
000559 CYCET i=12 cause=795fe8acc15e46 unmask=795fe8acc15f96 entry=795fe8acc15f96 read=795fe8acc15fdc ack=795fe8acc16a61 rearm=795fe8acc16da1 next=795fe8acc16df4 pi=00012000/00010000/00010000/00012000 rc=00000000
000560 CYCE i=13 n=940 f=9 blk=8 pend=0400 ack=8400 a=1/1 v=0/0 w1c=0 isr=1/0 next=1 lat=35 aw=2469 vw=0 sig=0
000561 CYCET i=13 cause=795fe8acc16df4 unmask=795fe8acc16f3f entry=795fe8acc16f3f read=795fe8acc16f81 ack=795fe8acc17a30 rearm=795fe8acc17a3d next=795fe8acc188d3 pi=00012000/00010000/00010000/00012000 rc=00000000
000562 CYCE i=14 n=941 f=9 blk=8 pend=0400 ack=8400 a=1/1 v=0/0 w1c=0 isr=1/0 next=1 lat=37 aw=2468 vw=0 sig=0
000563 CYCET i=14 cause=795fe8acc188d3 unmask=795fe8acc18a21 entry=795fe8acc18a21 read=795fe8acc18a63 ack=795fe8acc19587 rearm=795fe8acc19593 next=795fe8acc195e5 pi=00012000/00010000/00010000/00012000 rc=00000000
000564 CYCE i=15 n=942 f=9 blk=8 pend=0100 ack=8100 a=0/0 v=1/1 w1c=0 isr=1/0 next=1 lat=35 aw=0 vw=2318 sig=778
000565 CYCET i=15 cause=795fe8acc195e5 unmask=795fe8acc1972d entry=795fe8acc1972d read=795fe8acc1976f ack=795fe8acc1a179 rearm=795fe8acc1a4b9 next=795fe8acc1af74 pi=00012000/00010000/00010000/00012000 rc=00000000
000566 CYCE i=16 n=943 f=9 blk=9 pend=0400 ack=8400 a=1/1 v=0/0 w1c=0 isr=1/0 next=1 lat=38 aw=2471 vw=0 sig=0
000567 CYCET i=16 cause=795fe8acc1af74 unmask=795fe8acc1b0c1 entry=795fe8acc1b0c1 read=795fe8acc1b106 ack=795fe8acc1bc32 rearm=795fe8acc1bc3e next=795fe8acc1bc91 pi=00012000/00010000/00010000/00012000 rc=00000000
000568 CYCE i=17 n=944 f=9 blk=9 pend=0100 ack=8100 a=0/0 v=1/1 w1c=0 isr=1/0 next=1 lat=36 aw=0 vw=2315 sig=777
000569 CYCET i=17 cause=795fe8acc1bc91 unmask=795fe8acc1bdd8 entry=795fe8acc1bdd8 read=795fe8acc1be1a ack=795fe8acc1c821 rearm=795fe8acc1cb61 next=795fe8acc1d613 pi=00012000/00010000/00010000/00012000 rc=00000000
000570 CYCE i=18 n=945 f=9 blk=10 pend=0400 ack=8400 a=1/1 v=0/0 w1c=0 isr=1/0 next=1 lat=45 aw=2472 vw=0 sig=0
000571 CYCET i=18 cause=795fe8acc1d613 unmask=795fe8acc1d76c entry=795fe8acc1d76c read=795fe8acc1d7ae ack=795fe8acc1e2b8 rearm=795fe8acc1e2c4 next=795fe8acc1e9b1 pi=00012000/00010000/00010000/00012000 rc=00000000
000572 CYCE i=19 n=946 f=9 blk=10 pend=0100 ack=8100 a=0/0 v=1/1 w1c=0 isr=1/0 next=1 lat=37 aw=0 vw=2322 sig=1013
000573 CYCET i=19 cause=795fe8acc1e9b1 unmask=795fe8acc1eb0b entry=795fe8acc1eb0b read=795fe8acc1eb50 ack=795fe8acc1f592 rearm=795fe8acc1f9c9 next=795fe8acc20059 pi=00012000/00010000/00010000/00012000 rc=00000000
000574 CYCE i=20 n=947 f=9 blk=11 pend=0400 ack=8400 a=1/1 v=0/0 w1c=0 isr=1/0 next=1 lat=39 aw=2475 vw=0 sig=0
000575 CYCET i=20 cause=795fe8acc20059 unmask=795fe8acc201e1 entry=795fe8acc201e1 read=795fe8acc20227 ack=795fe8acc20d7e rearm=795fe8acc20d8b next=795fe8acc21829 pi=00012000/00010000/00010000/00012000 rc=00000000
000576 CYCE i=21 n=948 f=9 blk=11 pend=0100 ack=8100 a=0/0 v=1/1 w1c=0 isr=1/0 next=1 lat=42 aw=0 vw=2319 sig=778
000577 CYCET i=21 cause=795fe8acc21829 unmask=795fe8acc21988 entry=795fe8acc21988 read=795fe8acc219d3 ack=795fe8acc22468 rearm=795fe8acc227ae next=795fe8acc22802 pi=00012000/00010000/00010000/00012000 rc=00000000
000578 CYCE i=22 n=949 f=9 blk=12 pend=0400 ack=8400 a=1/1 v=0/0 w1c=0 isr=1/0 next=1 lat=35 aw=2475 vw=0 sig=0
000579 CYCET i=22 cause=795fe8acc22802 unmask=795fe8acc2294b entry=795fe8acc2294b read=795fe8acc22991 ack=795fe8acc2344f rearm=795fe8acc2345c next=795fe8acc2469e pi=00012000/00010000/00010000/00012000 rc=00000000
000580 CYCE i=23 n=950 f=9 blk=12 pend=0100 ack=8100 a=0/0 v=1/1 w1c=0 isr=1/0 next=1 lat=37 aw=0 vw=2322 sig=778
000581 CYCET i=23 cause=795fe8acc2469e unmask=795fe8acc247ee entry=795fe8acc247ee read=795fe8acc24837 ack=795fe8acc252c4 rearm=795fe8acc25609 next=795fe8acc2565c pi=00012000/00010000/00010000/00012000 rc=00000000
000582 CYCE i=24 n=951 f=9 blk=13 pend=0400 ack=8400 a=1/1 v=0/0 w1c=0 isr=1/0 next=1 lat=35 aw=2471 vw=0 sig=0
000583 CYCET i=24 cause=795fe8acc2565c unmask=795fe8acc257a4 entry=795fe8acc257a4 read=795fe8acc257e9 ack=795fe8acc2629c rearm=795fe8acc262a8 next=795fe8acc27094 pi=00012000/00010000/00010000/00012000 rc=00000000
000584 CYCE i=25 n=952 f=9 blk=13 pend=0400 ack=8400 a=1/1 v=0/0 w1c=0 isr=1/0 next=1 lat=37 aw=2475 vw=0 sig=0
000585 CYCET i=25 cause=795fe8acc27094 unmask=795fe8acc271e6 entry=795fe8acc271e6 read=795fe8acc2722c ack=795fe8acc27d62 rearm=795fe8acc27d6f next=795fe8acc27dc7 pi=00012000/00010000/00010000/00012000 rc=00000000
000586 CYCE i=26 n=953 f=9 blk=13 pend=0100 ack=8100 a=0/0 v=1/1 w1c=0 isr=1/0 next=1 lat=35 aw=0 vw=2318 sig=778
000587 CYCET i=26 cause=795fe8acc27dc7 unmask=795fe8acc27f0e entry=795fe8acc27f0e read=795fe8acc27f53 ack=795fe8acc2899d rearm=795fe8acc28ce4 next=795fe8acc29735 pi=00012000/00010000/00010000/00012000 rc=00000000
000588 CYCE i=27 n=954 f=9 blk=14 pend=0400 ack=8400 a=1/1 v=0/0 w1c=0 isr=1/0 next=1 lat=37 aw=2468 vw=0 sig=0
000589 CYCET i=27 cause=795fe8acc29735 unmask=795fe8acc29884 entry=795fe8acc29884 read=795fe8acc298c6 ack=795fe8acc2a3fd rearm=795fe8acc2a409 next=795fe8acc2a45b pi=00012000/00010000/00010000/00012000 rc=00000000
000590 CYCE i=28 n=955 f=9 blk=14 pend=0100 ack=8100 a=0/0 v=1/1 w1c=0 isr=1/0 next=1 lat=36 aw=0 vw=2322 sig=778
000591 CYCET i=28 cause=795fe8acc2a45b unmask=795fe8acc2a5a3 entry=795fe8acc2a5a3 read=795fe8acc2a5e5 ack=795fe8acc2aff2 rearm=795fe8acc2b337 next=795fe8acc2bdd1 pi=00012000/00010000/00010000/00012000 rc=00000000
000592 CYCE i=29 n=956 f=9 blk=15 pend=0400 ack=8400 a=1/1 v=0/0 w1c=0 isr=1/0 next=1 lat=37 aw=2475 vw=0 sig=0
000593 CYCET i=29 cause=795fe8acc2bdd1 unmask=795fe8acc2bf1e entry=795fe8acc2bf1e read=795fe8acc2bf60 ack=795fe8acc2ca1e rearm=795fe8acc2ca2a next=795fe8acc2d209 pi=00012000/00010000/00010000/00012000 rc=00000000
000594 CYCE i=30 n=957 f=9 blk=15 pend=0100 ack=8100 a=0/0 v=1/1 w1c=0 isr=1/0 next=1 lat=37 aw=0 vw=2312 sig=898
000595 CYCET i=30 cause=795fe8acc2d209 unmask=795fe8acc2d358 entry=795fe8acc2d358 read=795fe8acc2d3a0 ack=795fe8acc2dde0 rearm=795fe8acc2e1a0 next=795fe8acc2e87e pi=00012000/00010000/00010000/00012000 rc=00000000
000596 CYCE i=31 n=958 f=9 blk=16 pend=0400 ack=8400 a=1/1 v=0/0 w1c=0 isr=1/0 next=1 lat=42 aw=2475 vw=0 sig=0
000597 CYCET i=31 cause=795fe8acc2e87e unmask=795fe8acc2e9fd entry=795fe8acc2e9fd read=795fe8acc2ea43 ack=795fe8acc2f588 rearm=795fe8acc2f594 next=795fe8acc3007f pi=00012000/00010000/00010000/00012000 rc=00000000
000598 CYCE i=32 n=959 f=9 blk=16 pend=0100 ack=8100 a=0/0 v=1/1 w1c=0 isr=1/0 next=1 lat=38 aw=0 vw=2315 sig=778
000599 CYCET i=32 cause=795fe8acc3007f unmask=795fe8acc301d0 entry=795fe8acc301d0 read=795fe8acc30216 ack=795fe8acc30ca6 rearm=795fe8acc30fec next=795fe8acc3103f pi=00012000/00010000/00010000/00012000 rc=00000000
000600 CYCE i=33 n=960 f=9 blk=17 pend=0400 ack=8400 a=1/1 v=0/0 w1c=0 isr=1/0 next=1 lat=35 aw=2475 vw=0 sig=0
000601 CYCET i=33 cause=795fe8acc3103f unmask=795fe8acc31188 entry=795fe8acc31188 read=795fe8acc311cd ack=795fe8acc31c88 rearm=795fe8acc31c95 next=795fe8acc32efb pi=00012000/00010000/00010000/00012000 rc=00000000
000602 CYCE i=34 n=961 f=9 blk=17 pend=0100 ack=8100 a=0/0 v=1/1 w1c=0 isr=1/0 next=1 lat=42 aw=0 vw=2315 sig=778
000603 CYCET i=34 cause=795fe8acc32efb unmask=795fe8acc33055 entry=795fe8acc33055 read=795fe8acc330aa ack=795fe8acc33b2e rearm=795fe8acc33e72 next=795fe8acc33ec6 pi=00012000/00010000/00010000/00012000 rc=00000000
000604 CYCE i=35 n=962 f=9 blk=18 pend=0400 ack=8400 a=1/1 v=0/0 w1c=0 isr=1/0 next=1 lat=35 aw=2475 vw=0 sig=0
000605 CYCET i=35 cause=795fe8acc33ec6 unmask=795fe8acc3400d entry=795fe8acc3400d read=795fe8acc3404f ack=795fe8acc34b09 rearm=795fe8acc34b15 next=795fe8acc35853 pi=00012000/00010000/00010000/00012000 rc=00000000
000606 CYCE i=36 n=963 f=9 blk=18 pend=0400 ack=8400 a=1/1 v=0/0 w1c=0 isr=1/0 next=1 lat=36 aw=2472 vw=0 sig=0
000607 CYCET i=36 cause=795fe8acc35853 unmask=795fe8acc359a3 entry=795fe8acc359a3 read=795fe8acc359e5 ack=795fe8acc3650d rearm=795fe8acc36519 next=795fe8acc3656b pi=00012000/00010000/00010000/00012000 rc=00000000
000608 CYCE i=37 n=964 f=9 blk=18 pend=0100 ack=8100 a=0/0 v=1/1 w1c=0 isr=1/0 next=1 lat=36 aw=0 vw=2318 sig=778
000609 CYCET i=37 cause=795fe8acc3656b unmask=795fe8acc366b3 entry=795fe8acc366b3 read=795fe8acc366f5 ack=795fe8acc370ff rearm=795fe8acc37444 next=795fe8acc37ef1 pi=00012000/00010000/00010000/00012000 rc=00000000
000610 CYCE i=38 n=965 f=9 blk=19 pend=0400 ack=8400 a=1/1 v=0/0 w1c=0 isr=1/0 next=1 lat=40 aw=2465 vw=0 sig=0
000611 CYCET i=38 cause=795fe8acc37ef1 unmask=795fe8acc38041 entry=795fe8acc38041 read=795fe8acc38083 ack=795fe8acc38ba9 rearm=795fe8acc38bb6 next=795fe8acc38c08 pi=00012000/00010000/00010000/00012000 rc=00000000
000612 CYCE i=39 n=966 f=9 blk=19 pend=0100 ack=8100 a=0/0 v=1/1 w1c=0 isr=1/0 next=1 lat=35 aw=0 vw=2322 sig=778
000613 CYCET i=39 cause=795fe8acc38c08 unmask=795fe8acc38d50 entry=795fe8acc38d50 read=795fe8acc38d95 ack=795fe8acc397a2 rearm=795fe8acc39ae4 next=795fe8acc3a591 pi=00012000/00010000/00010000/00012000 rc=00000000
000614 CYCE i=40 n=967 f=9 blk=20 pend=0400 ack=8400 a=1/1 v=0/0 w1c=0 isr=1/0 next=1 lat=38 aw=2475 vw=0 sig=0
000615 CYCET i=40 cause=795fe8acc3a591 unmask=795fe8acc3a6de entry=795fe8acc3a6de read=795fe8acc3a723 ack=795fe8acc3b1ea rearm=795fe8acc3b1f6 next=795fe8acc3ba62 pi=00012000/00010000/00010000/00012000 rc=00000000
000616 CYCE i=41 n=968 f=9 blk=20 pend=0100 ack=8100 a=0/0 v=1/1 w1c=0 isr=1/0 next=1 lat=37 aw=0 vw=2322 sig=778
000617 CYCET i=41 cause=795fe8acc3ba62 unmask=795fe8acc3bbb5 entry=795fe8acc3bbb5 read=795fe8acc3bbfa ack=795fe8acc3c709 rearm=795fe8acc3ca51 next=795fe8acc3d159 pi=00012000/00010000/00010000/00012000 rc=00000000
000618 CYCE i=42 n=969 f=9 blk=21 pend=0400 ack=8400 a=1/1 v=0/0 w1c=0 isr=1/0 next=1 lat=43 aw=2468 vw=0 sig=0
000619 CYCET i=42 cause=795fe8acc3d159 unmask=795fe8acc3d2c3 entry=795fe8acc3d2c3 read=795fe8acc3d308 ack=795fe8acc3de66 rearm=795fe8acc3de73 next=795fe8acc3e8d7 pi=00012000/00010000/00010000/00012000 rc=00000000
000620 CYCE i=43 n=970 f=9 blk=21 pend=0100 ack=8100 a=0/0 v=1/1 w1c=0 isr=1/0 next=1 lat=40 aw=0 vw=2319 sig=778
000621 CYCET i=43 cause=795fe8acc3e8d7 unmask=795fe8acc3ea2c entry=795fe8acc3ea2c read=795fe8acc3ea72 ack=795fe8acc3f501 rearm=795fe8acc3f846 next=795fe8acc3f89a pi=00012000/00010000/00010000/00012000 rc=00000000
000622 CYCE i=44 n=971 f=9 blk=22 pend=0400 ack=8400 a=1/1 v=0/0 w1c=0 isr=1/0 next=1 lat=35 aw=2471 vw=0 sig=0
000623 CYCET i=44 cause=795fe8acc3f89a unmask=795fe8acc3f9e1 entry=795fe8acc3f9e1 read=795fe8acc3fa27 ack=795fe8acc404df rearm=795fe8acc404ec next=795fe8acc41752 pi=00012000/00010000/00010000/00012000 rc=00000000
000624 CYCE i=45 n=972 f=9 blk=22 pend=0100 ack=8100 a=0/0 v=1/1 w1c=0 isr=1/0 next=1 lat=37 aw=0 vw=2322 sig=778
000625 CYCET i=45 cause=795fe8acc41752 unmask=795fe8acc418a2 entry=795fe8acc418a2 read=795fe8acc418e5 ack=795fe8acc42369 rearm=795fe8acc426ac next=795fe8acc426ff pi=00012000/00010000/00010000/00012000 rc=00000000
000626 CYCE i=46 n=973 f=9 blk=23 pend=0400 ack=8400 a=1/1 v=0/0 w1c=0 isr=1/0 next=1 lat=34 aw=2475 vw=0 sig=0
000627 CYCET i=46 cause=795fe8acc426ff unmask=795fe8acc42847 entry=795fe8acc42847 read=795fe8acc42889 ack=795fe8acc43340 rearm=795fe8acc4334c next=795fe8acc4400f pi=00012000/00010000/00010000/00012000 rc=00000000
000628 CYCE i=47 n=974 f=9 blk=23 pend=0400 ack=8400 a=1/1 v=0/0 w1c=0 isr=1/0 next=1 lat=38 aw=2475 vw=0 sig=0
000629 CYCET i=47 cause=795fe8acc4400f unmask=795fe8acc4415e entry=795fe8acc4415e read=795fe8acc441a7 ack=795fe8acc44cd1 rearm=795fe8acc44cdd next=795fe8acc44d2f pi=00012000/00010000/00010000/00012000 rc=00000000
000630 CYCE i=48 n=975 f=9 blk=23 pend=0100 ack=8100 a=0/0 v=1/1 w1c=0 isr=1/0 next=1 lat=36 aw=0 vw=2318 sig=778
000631 CYCET i=48 cause=795fe8acc44d2f unmask=795fe8acc44e76 entry=795fe8acc44e76 read=795fe8acc44eb8 ack=795fe8acc458c2 rearm=795fe8acc45c06 next=795fe8acc466b0 pi=00012000/00010000/00010000/00012000 rc=00000000
000632 CYCE i=49 n=976 f=9 blk=24 pend=0400 ack=8400 a=1/1 v=0/0 w1c=0 isr=1/0 next=1 lat=39 aw=2472 vw=0 sig=0
000633 CYCET i=49 cause=795fe8acc466b0 unmask=795fe8acc46802 entry=795fe8acc46802 read=795fe8acc46848 ack=795fe8acc4737b rearm=795fe8acc47388 next=795fe8acc47a67 pi=00012000/00010000/00010000/00012000 rc=00000000
000634 CYCE i=50 n=977 f=9 blk=24 pend=0100 ack=8100 a=0/0 v=1/1 w1c=0 isr=1/0 next=1 lat=38 aw=0 vw=2318 sig=899
000635 CYCET i=50 cause=795fe8acc47a67 unmask=795fe8acc47bb5 entry=795fe8acc47bb5 read=795fe8acc47bfa ack=795fe8acc4863a rearm=795fe8acc489f7 next=795fe8acc490cb pi=00012000/00010000/00010000/00012000 rc=00000000
000636 CYCE i=51 n=978 f=9 blk=25 pend=0400 ack=8400 a=1/1 v=0/0 w1c=0 isr=1/0 next=1 lat=40 aw=2475 vw=0 sig=0
000637 CYCET i=51 cause=795fe8acc490cb unmask=795fe8acc4924a entry=795fe8acc4924a read=795fe8acc49294 ack=795fe8acc49dd6 rearm=795fe8acc49de2 next=795fe8acc4a4b9 pi=00012000/00010000/00010000/00012000 rc=00000000
000638 CYCE i=52 n=979 f=9 blk=25 pend=0100 ack=8100 a=0/0 v=1/1 w1c=0 isr=1/0 next=1 lat=38 aw=0 vw=2319 sig=777
000639 CYCET i=52 cause=795fe8acc4a4b9 unmask=795fe8acc4a609 entry=795fe8acc4a609 read=795fe8acc4a64e ack=795fe8acc4b109 rearm=795fe8acc4b44d next=795fe8acc4b49f pi=00012000/00010000/00010000/00012000 rc=00000000
000640 CYCE i=53 n=980 f=9 blk=26 pend=0400 ack=8400 a=1/1 v=0/0 w1c=0 isr=1/0 next=1 lat=35 aw=2472 vw=0 sig=0
000641 CYCET i=53 cause=795fe8acc4b49f unmask=795fe8acc4b5e6 entry=795fe8acc4b5e6 read=795fe8acc4b628 ack=795fe8acc4c0e2 rearm=795fe8acc4c0ee next=795fe8acc4d131 pi=00012000/00010000/00010000/00012000 rc=00000000
000642 CYCE i=54 n=981 f=9 blk=26 pend=0100 ack=8100 a=0/0 v=1/1 w1c=0 isr=1/0 next=1 lat=37 aw=0 vw=2322 sig=777
000643 CYCET i=54 cause=795fe8acc4d131 unmask=795fe8acc4d27e entry=795fe8acc4d27e read=795fe8acc4d2c4 ack=795fe8acc4dd4f rearm=795fe8acc4e091 next=795fe8acc4e0e5 pi=00012000/00010000/00010000/00012000 rc=00000000
000644 CYCE i=55 n=982 f=9 blk=27 pend=0400 ack=8400 a=1/1 v=0/0 w1c=0 isr=1/0 next=1 lat=35 aw=2475 vw=0 sig=0
000645 CYCET i=55 cause=795fe8acc4e0e5 unmask=795fe8acc4e22f entry=795fe8acc4e22f read=795fe8acc4e271 ack=795fe8acc4ed28 rearm=795fe8acc4ed34 next=795fe8acc4ffad pi=00012000/00010000/00010000/00012000 rc=00000000
000646 CYCE i=56 n=983 f=9 blk=27 pend=0100 ack=8100 a=0/0 v=1/1 w1c=0 isr=1/0 next=1 lat=38 aw=0 vw=2322 sig=778
000647 CYCET i=56 cause=795fe8acc4ffad unmask=795fe8acc500fb entry=795fe8acc500fb read=795fe8acc5013d ack=795fe8acc50bfb rearm=795fe8acc50f41 next=795fe8acc50f95 pi=00012000/00010000/00010000/00012000 rc=00000000
000648 CYCE i=57 n=984 f=9 blk=28 pend=0400 ack=8400 a=1/1 v=0/0 w1c=0 isr=1/0 next=1 lat=35 aw=2471 vw=0 sig=0
000649 CYCET i=57 cause=795fe8acc50f95 unmask=795fe8acc510de entry=795fe8acc510de read=795fe8acc51123 ack=795fe8acc51bd8 rearm=795fe8acc51be4 next=795fe8acc527cc pi=00012000/00010000/00010000/00012000 rc=00000000
000650 CYCE i=58 n=985 f=9 blk=28 pend=0400 ack=8400 a=1/1 v=0/0 w1c=0 isr=1/0 next=1 lat=37 aw=2475 vw=0 sig=0
000651 CYCET i=58 cause=795fe8acc527cc unmask=795fe8acc5291b entry=795fe8acc5291b read=795fe8acc52960 ack=795fe8acc5348d rearm=795fe8acc53499 next=795fe8acc534eb pi=00012000/00010000/00010000/00012000 rc=00000000
000652 CYCE i=59 n=986 f=9 blk=28 pend=0100 ack=8100 a=0/0 v=1/1 w1c=0 isr=1/0 next=1 lat=35 aw=0 vw=2318 sig=778
000653 CYCET i=59 cause=795fe8acc534eb unmask=795fe8acc53633 entry=795fe8acc53633 read=795fe8acc53678 ack=795fe8acc54082 rearm=795fe8acc543c4 next=795fe8acc54e71 pi=00012000/00010000/00010000/00012000 rc=00000000
000654 CYCE i=60 n=987 f=9 blk=29 pend=0400 ack=8400 a=1/1 v=0/0 w1c=0 isr=1/0 next=1 lat=38 aw=2475 vw=0 sig=0
000655 CYCET i=60 cause=795fe8acc54e71 unmask=795fe8acc54fbe entry=795fe8acc54fbe read=795fe8acc55003 ack=795fe8acc55b37 rearm=795fe8acc55b43 next=795fe8acc56211 pi=00012000/00010000/00010000/00012000 rc=00000000
000656 CYCE i=61 n=988 f=9 blk=29 pend=0100 ack=8100 a=0/0 v=1/1 w1c=0 isr=1/0 next=1 lat=38 aw=0 vw=2316 sig=900
000657 CYCET i=61 cause=795fe8acc56211 unmask=795fe8acc56360 entry=795fe8acc56360 read=795fe8acc563a5 ack=795fe8acc56de6 rearm=795fe8acc571a4 next=795fe8acc57840 pi=00012000/00010000/00010000/00012000 rc=00000000
000658 CYCE i=62 n=989 f=9 blk=30 pend=0400 ack=8400 a=1/1 v=0/0 w1c=0 isr=1/0 next=1 lat=43 aw=2475 vw=0 sig=0
000659 CYCET i=62 cause=795fe8acc57840 unmask=795fe8acc579c7 entry=795fe8acc579c7 read=795fe8acc57a0d ack=795fe8acc58558 rearm=795fe8acc58564 next=795fe8acc59283 pi=00012000/00010000/00010000/00012000 rc=00000000
000660 CYCE i=63 n=990 f=9 blk=30 pend=0100 ack=8100 a=0/0 v=1/1 w1c=0 isr=1/0 next=1 lat=53 aw=0 vw=2322 sig=815
000661 CYCET i=63 cause=795fe8acc59283 unmask=795fe8acc59425 entry=795fe8acc59425 read=795fe8acc59473 ack=795fe8acc59fe6 rearm=795fe8acc5a359 next=795fe8acc5a3ad pi=00012000/00010000/00010000/00012000 rc=00000000
000662 COUNTERS unmasks=440788 deliveries=440788 acks=440788 rearms=440788 lean=440784 verify=4 audio=288620 video=169221/169221 isr_w1c=440788 main_w1c=0 teardown_w1c=1 overflow=0 uncertain=0 control_ok=1
000663 BYTES video=649808640 audio=1182187520
000664 MATRIX service=ok service_reason=- stop=session_end frame_capture=ok baseline=valid structured=observed reference_match=offline restore=ok save=deferred
000665 RESTOREVSTATE handler_installed=1 handler_restored=1 old_handler=null mask_ok=1 intmr_final=00000ffa pi_sticky_final=0 unmasks=440788 teardown_begin=795fe9577b6467 teardown_end=795fe9577ba854
000666 STATS transfers=1794081 timeouts=0 busy=0 bulk_transfers=457841 bulk_bytes=1831996160
000667 STREAMSRC closed=4232 complete=4068 incomplete=81 quarantined=0 anomaly=83 published=4068
000668 STREAMCONS taken=4068 converted=4067 presented=4067 overrun=0 dropped_before_convert=0 repeats=0 no_cpu_texture=0 abandoned_no_raw=0 balanced=1
000669 STREAMDISP converted=4067 presented=4067 overrun=0 repeated=0 undispositioned=0 identity=converted==presented+overrun+repeated(+residual<=2)
000670 STREAMPUMP calls=440788 slices=162705 completed=4067 skipped_cause_pending=158326 pending_before=158326 pending_after=104099 arrived_during=104099
000671 STREAMPUMPT ticks_min=1150 ticks_max=1715 ticks_mean=1424 n=162705 tile_rows_per_slice=1
000672 INPUT selftest=1 steps=282462 invalid=0 no_base=0 key_changes=2 attempts=13810 completed=13810 failed=0 first=1 change=2 refresh=13807 retry=0 last_word=0000 last_rc=ok
000673 INPUTT write_ticks=30/30/38 n=13810 step_ticks=97/190/1095 n=282462 units=min/mean/max
000674 KEYLOG events=3 emitted=3 lost=0 truncated=0 overwritten=0 reserve=640 emit_ticks=967/1401/1712 n=3 units=min/mean/max
000675 SESSION end=Z hold_ms=250 hold_ticks=10125000 requested=0 t_hold_begin=0 t_requested=0 samples=282462 held=0 holds=0 released=0 after=0 stop=session_end teardown=S5_session_end
000676 STREAMOWN acquire=123826 no_texture=0 fills=4068/123826 abandoned=119757 submit=4068/4068 blocked_inflight=0 blocked_shutdown=0
000677 STREAMGX drawdone=4068 spurious=0 releases=4068 xfb_presents=4067 xfb_skipped=0 consistent_at_end=1 inflight_at_end=0 drained=0 cb_restored=1
000678 STREAMINV checks=255787 failures=0 main=0/251719 isr=0/4068 consistent_at_end=1
000679 STREAMSELFTEST ok=1 converted=1 released=1 own_presents=0 own_repeats=0 sci_clean=1 note=synthetic_frame_before_capture_no_device_counters_isolated
000680 STARTUP mode=normal selftest_run=1 selftest_visible=0 prehandler_wait_ms=0 clear_fb=1 normal_clean=1 presented_synthetic=0 headless_submits=1
000681 STARTUPT tb_hz=40500000 t_program=795fe8ab4d250d t_video=795fe8ab591f20 t_selftest_begin=795fe8ac079826 t_selftest_end=795fe8ac12b38d t_probe_enter=795fe8ac180bb8 t_control=795fe8ac1ff79d t_capture_start=795fe8ac627fa1
000682 STARTUPV have_first=1 first_frame_index=2 t_take=795fe8ac810e74 t_convert_done=795fe8ac861e24 t_decision=795fe8ac861e77 ticks_control_to_first_handoff=6694618
000683 STREAMPACE publish_min=672619 publish_max=2716095 publish_mean=705259 n=4067 convert_min=51284 convert_max=60068 convert_mean=56964 n=4067
000684 STREAMFLAG15 last_count=1 first_x=0 first_y=0 note=reported_not_interpreted
000685 LIVE phase=done control_ok=1 gave_up=0 early=0 windows=1 press_before_prompt=0 presses_a=1 presses_other=0 presses_after=0
000686 LIVECTL periods=61 pmin=32 pmax=32 blocks=2048 calib_blocks=4096 rest_n=4096
000687 LIVET tb_hz=40500000 t0=795fe8ac627fa1 t_accept=795fe8b8746741 t_press=795fe8bbc76b3b t_origin=795fe8bcfc8708 t_end=795fe9577b4f08
000688 LIVET2 t_ai_start=795fe8be7eaab6 t_ai_stop=795fe9577b5b03 t_last_block=795fe9577b3192 gap_max=21757 gap_at=795fe9283ecab1
000689 LIVEN blocks_in=288620 window_blocks=260518 taps=288620 taps_failed=0 wrong_len=0 secs_used=64 sec_overflow=0
000690 LIVESEC from=0 counts=4080,4068,4075,4071,4072,4075,4066,4069,4076,4074,4070,4079,4075,4072,4067,4081
000691 LIVESEC from=16 counts=4065,4073,4068,4069,4062,4065,4062,4065,4072,4068,4067,4072,4060,4064,4071,4069
000692 LIVESEC from=32 counts=4070,4076,4072,4071,4070,4065,4077,4071,4070,4066,4076,4072,4072,4072,4075,4068
000693 LIVESEC from=48 counts=4069,4071,4068,4073,4067,4070,4069,4070,4073,4074,4068,4073,4075,4074,4069,4070
000694 LIVEFILL from=0 fill=0,1889,1845,1808,1815,1823,1834,1836,1841,1853,1863,1869,1884,1895,1903,1906
000695 LIVEFILL from=16 fill=1923,1924,1933,1937,1942,1940,1941,1939,1940,1948,1952,1955,1963,1959,1959,1966
000696 LIVEFILL from=32 fill=1971,1977,1989,1997,1973,1931,1900,1897,1904,1910,1912,1924,1932,1934,1940,1943
000697 LIVEFILL from=48 fill=1946,1950,1955,1957,1961,1964,1969,1971,1975,1980,1984,1985,1989,1994,1998,2001
000698 LIVEL periods=8191 pmin=29 pmax=32 off=1274 edges=8192 samples=260518
000699 LIVEC overflow=0 lost=0 underruns=0 silences=0 dup=1965 drop=0 produced=2035 handed=2031 starved=579 log_overflow=0
000700 LIVEM callbacks=2030 t_first=795fe8be7eab52 t_last=795fe9576bad88 frames_per_callback=1000
000701 LIVEL2 armed=1 done=1 kept=320 window=320 silence=0 n_keep=40640 n_events=320 overflowed=0 crc=3b453778
000702 LIVEL2SAVE open=0 write=0 close=0 bytes=83916 status=saved 83916 bytes to sd:/open-gbp/GBP-AUDIO-007_live-0001-l2.bin
# --- end --- dropped=0
